******************************************************************************
               TMS320C6x Linker PC v7.4.4                      
******************************************************************************
>> Linked Tue Oct 08 16:47:18 2024

OUTPUT FILE NAME:   <RadarProcessor.out>
ENTRY POINT SYMBOL: "_c_int00"  address: 00014980


MEMORY CONFIGURATION

         name            origin    length      used     unused   attr    fill
----------------------  --------  ---------  --------  --------  ----  --------
  IRAM                  00000000   00030000  00014ef8  0001b108  RWIX
  L2RAM                 00030000   00010000  00000000  00010000  RWIX
  EMIFCE0               80000000   10000000  00000000  10000000  RWIX
  EMIFCE1               90000000   10000000  00000000  10000000  RWIX
  EMIFCE2               a0000000   10000000  00000000  10000000  RWIX
  EMIFCE3               b0000000   10000000  00000000  10000000  RWIX


SECTION ALLOCATION MAP

 output                                  attributes/
section   page    origin      length       input sections
--------  ----  ----------  ----------   ----------------
.bss       0    00000000    00000000     UNINITIALIZED

.data      0    00000000    00000000     UNINITIALIZED

.pinit     0    00000000    00000000     UNINITIALIZED

.cinit     0    00000000    00008f24     
                  00000000    00008d10     RadarProcessor.obj (.cinit)
                  00008d10    0000012c     csl6713.lib : csl_irq.obj (.cinit)
                  00008e3c    00000004     --HOLE-- [fill = 0]
                  00008e40    00000054                 : csl_mcbsp.obj (.cinit)
                  00008e94    00000004     --HOLE-- [fill = 0]
                  00008e98    00000030     dsk6713bsl.lib : dsk6713_aic23_registers.obj (.cinit)
                  00008ec8    0000002c     rts6700.lib : exit.obj (.cinit)
                  00008ef4    00000004     --HOLE-- [fill = 0]
                  00008ef8    00000028     dsk6713bsl.lib : dsk6713_aic23_setfreq.obj (.cinit)
                  00008f20    00000004     --HOLE-- [fill = 0]

.far       0    00008f28    00008e64     UNINITIALIZED
                  00008f28    00008cd8     RadarProcessor.obj (.far)
                  00011c00    000000f4     csl6713.lib : csl_irq.obj (.far)
                  00011cf4    00000038                 : csl_mcbsp.obj (.far)
                  00011d2c    00000028     dsk6713bsl.lib : dsk6713_aic23_registers.obj (.far)
                  00011d54    00000020                    : dsk6713_aic23_setfreq.obj (.far)
                  00011d74    0000000c     rts6700.lib : exit.obj (.far)
                  00011d80    00000008     dsk6713bsl.lib : dsk6713_aic23_opencodec.obj (.far)
                  00011d88    00000002                    : dsk6713.obj (.far)
                  00011d8a    00000002                    : dsk6713_led.obj (.far)

.const     0    00011d90    00000090     
                  00011d90    00000040     dsk6713bsl.lib : dsk6713_aic23_opencodec.obj (.const)
                  00011dd0    00000030     RadarProcessor.obj (.const)
                  00011e00    00000020     dsk6713bsl.lib : dsk6713.obj (.const)

.text      0    00012000    00002ce0     
                  00012000    00000720     rts6700.lib : divd.obj (.text:__divd)
                  00012720    00000480     dsk6713bsl.lib : dsk6713.obj (.text)
                  00012ba0    00000340     RadarProcessor.obj (.text)
                  00012ee0    00000300     dsk6713bsl.lib : dsk6713_aic23_opencodec.obj (.text)
                  000131e0    000002c0     RadarProcessor.obj (.text:retain)
                  000134a0    00000240     rts6700.lib : memcpy62.obj (.text:_memcpy)
                  000136e0    00000100     csl6713.lib : csl_mcbsp.obj (.text:_MCBSP_open)
                  000137e0    00000020     Vectors_intr.obj (.text)
                  00013800    00000200     Vectors_intr.obj (.text:vectors)
                  00013a00    000001e0     dsk6713bsl.lib : dsk6713_led.obj (.text)
                  00013be0    000001c0     csl6713.lib : csl_irq.obj (.text:_IRQ_map)
                  00013da0    000001a0                 : csl_mcbsp.obj (.text:_MCBSP_reset)
                  00013f40    00000140     rts6700.lib : frcmpyd_div.obj (.text:__frcmpyd_div)
                  00014080    00000140     dsk6713bsl.lib : dsk6713_aic23_registers.obj (.text)
                  000141c0    00000100     csl6713.lib : csl_mcbsp.obj (.text:_MCBSP_start)
                  000142c0    00000100     rts6700.lib : autoinit.obj (.text:__auto_init)
                  000143c0    000000e0                 : strasg.obj (.text:__strasg)
                  000144a0    000000e0                 : exit.obj (.text:_exit)
                  00014580    000000c0                 : fixdi.obj (.text:__fixdi)
                  00014640    000000c0                 : cpy_tbl.obj (.text:_copy_in)
                  00014700    000000c0     dsk6713bsl.lib : dsk6713_aic23_setfreq.obj (.text)
                  000147c0    000000a0     rts6700.lib : mpyll.obj (.text:__mpyll)
                  00014860    000000a0     csl6713.lib : csl_irq.obj (.text:_setMux)
                  00014900    00000080     rts6700.lib : cpp_init.obj (.text:___TI_cpp_init)
                  00014980    00000080                 : boot.obj (.text:_c_int00)
                  00014a00    00000060                 : fltid.obj (.text:__fltid)
                  00014a60    00000060                 : llshift.obj (.text:__llshru)
                  00014ac0    00000040     csl6713.lib : csl_irq.obj (.text:_IRQ_enable)
                  00014b00    00000040                 : csl_irq.obj (.text:_IRQ_reset)
                  00014b40    00000040     rts6700.lib : args_main.obj (.text:__args_main)
                  00014b80    00000020     csl6713.lib : csl_irq.obj (.text:_IRQ_globalDisable)
                  00014ba0    00000020                 : csl_irq.obj (.text:_IRQ_globalEnable)
                  00014bc0    00000020                 : csl_irq.obj (.text:_IRQ_nmiEnable)
                  00014be0    00000020                 : csl_irq.obj (.text:_IRQ_setVecs)
                  00014c00    00000020                 : csl_mcbsp.obj (.text:_MCBSP_getXmtEventId)
                  00014c20    00000020                 : csl_mcbsp.obj (.text:_MCBSP_write)
                  00014c40    00000020     rts6700.lib : cmpd.obj (.text:__cmpd)
                  00014c60    00000020                 : cvtfd.obj (.text:__cvtfd)
                  00014c80    00000020                 : mpyd.obj (.text:__mpyd)
                  00014ca0    00000020                 : exit.obj (.text:_abort)
                  00014cc0    00000020     csl6713.lib : csl_irq.obj (.text)

.stack     0    00014ce0    00000400     UNINITIALIZED
                  00014ce0    00000008     rts6700.lib : boot.obj (.stack)
                  00014ce8    000003f8     --HOLE--


GLOBAL SYMBOLS: SORTED ALPHABETICALLY BY Name 

address    name
--------   ----
00000000   $bss
00000000   .bss
00000000   .data
00012000   .text
00014ca0   C$$EXIT
00011df0   _CARRIER_FREQUENCY
00011df8   _CHIRP_DURATION
00011d80   _DSK6713_AIC23_codeccontrolhandle
00011d84   _DSK6713_AIC23_codecdatahandle
00014140   _DSK6713_AIC23_config
00012ee0   _DSK6713_AIC23_openCodec
00014118   _DSK6713_AIC23_rget
00014080   _DSK6713_AIC23_rset
00014700   _DSK6713_AIC23_setFreq
00013a00   _DSK6713_LED_init
00013a40   _DSK6713_LED_off
00013ab0   _DSK6713_LED_on
00013b20   _DSK6713_LED_toggle
00012b34   _DSK6713_getVersion
0001276c   _DSK6713_init
00012a88   _DSK6713_rget
00012a9c   _DSK6713_rset
00011d88   _DSK6713_version
00012ab0   _DSK6713_wait
00012b08   _DSK6713_waitusec
00014ac0   _IRQ_enable
00014b80   _IRQ_globalDisable
00014ba0   _IRQ_globalEnable
00013be0   _IRQ_map
00014bc0   _IRQ_nmiEnable
00014b00   _IRQ_reset
00014be0   _IRQ_setVecs
00011bf8   _MAX_SIGNAL_VALUE
00014c00   _MCBSP_getXmtEventId
000136e0   _MCBSP_open
00013da0   _MCBSP_reset
000141c0   _MCBSP_start
00014c20   _MCBSP_write
00011dd4   _NUM_CHIRPS
00011dd0   _NUM_SAMPLES
00011dd8   _NUM_SAMPLES_PER_CHIRP
00011de0   _SAMPLING_FREQUENCY
00011de8   _SPEED_OF_WAVE
00011cec   __IRQ_dispatchTable
00011c28   __IRQ_eventTable
00014cc0   __IRQ_hookFetchPacket
00011cac   __IRQ_intTable
00011d24   __MCBSP_hDev0
00011d28   __MCBSP_hDev1
000150e0   __STACK_END
00000400   __STACK_SIZE
00000001   __TI_args_main
00014900   ___TI_cpp_init
00011d7c   ___TI_enable_exit_profile_output
ffffffff   ___TI_pprof_out_hndl
ffffffff   ___TI_prof_data_size
ffffffff   ___TI_prof_data_start
ffffffff   ___binit__
00000000   ___bss__
ffffffff   ___c_args__
00000000   ___cinit__
00000000   ___data__
00000000   ___edata__
00000000   ___end__
00014ce0   ___etext__
ffffffff   ___pinit__
00012000   ___text__
00014b40   __args_main
000142c0   __auto_init
00011d74   __cleanup_ptr
00014c40   __cmpd
00014c60   __cvtfd
00012000   __divd
00011d78   __dtors_ptr
00014580   __fixdi
00014a00   __fltid
00013f40   __frcmpyd_div
00014a60   __llshru
00014c80   __mpyd
000147c0   __mpyll
00014ce0   __stack
000143c0   __strasg
00014ca0   _abort
00014980   _c_int00
000131e0   _c_int11
00011bcc   _config
00012bcc   _convert_double_to_short_for_output
00014640   _copy_in
000144a0   _exit
00011bc8   _hCodec
00012c9c   _initialize
00011bf4   _interrupt_count
00012ba0   _main
000134a0   _memcpy
0000dd48   _rec_img
00009ec8   _rec_real
000096f8   _sig_img
00008f28   _sig_real
00013820   _vector1
00013940   _vector10
00013980   _vector12
000139a0   _vector13
000139c0   _vector14
000139e0   _vector15
00013840   _vector2
00013860   _vector3
00013880   _vector4
000138a0   _vector5
000138c0   _vector6
000138e0   _vector7
00013900   _vector8
00013920   _vector9
00013800   _vectors
ffffffff   binit
00000000   cinit
00000000   edata
00000000   end
00014ce0   etext
ffffffff   pinit


GLOBAL SYMBOLS: SORTED BY Symbol Address 

address    name
--------   ----
00000000   $bss
00000000   .bss
00000000   .data
00000000   ___bss__
00000000   ___cinit__
00000000   ___data__
00000000   ___edata__
00000000   ___end__
00000000   cinit
00000000   edata
00000000   end
00000001   __TI_args_main
00000400   __STACK_SIZE
00008f28   _sig_real
000096f8   _sig_img
00009ec8   _rec_real
0000dd48   _rec_img
00011bc8   _hCodec
00011bcc   _config
00011bf4   _interrupt_count
00011bf8   _MAX_SIGNAL_VALUE
00011c28   __IRQ_eventTable
00011cac   __IRQ_intTable
00011cec   __IRQ_dispatchTable
00011d24   __MCBSP_hDev0
00011d28   __MCBSP_hDev1
00011d74   __cleanup_ptr
00011d78   __dtors_ptr
00011d7c   ___TI_enable_exit_profile_output
00011d80   _DSK6713_AIC23_codeccontrolhandle
00011d84   _DSK6713_AIC23_codecdatahandle
00011d88   _DSK6713_version
00011dd0   _NUM_SAMPLES
00011dd4   _NUM_CHIRPS
00011dd8   _NUM_SAMPLES_PER_CHIRP
00011de0   _SAMPLING_FREQUENCY
00011de8   _SPEED_OF_WAVE
00011df0   _CARRIER_FREQUENCY
00011df8   _CHIRP_DURATION
00012000   .text
00012000   ___text__
00012000   __divd
0001276c   _DSK6713_init
00012a88   _DSK6713_rget
00012a9c   _DSK6713_rset
00012ab0   _DSK6713_wait
00012b08   _DSK6713_waitusec
00012b34   _DSK6713_getVersion
00012ba0   _main
00012bcc   _convert_double_to_short_for_output
00012c9c   _initialize
00012ee0   _DSK6713_AIC23_openCodec
000131e0   _c_int11
000134a0   _memcpy
000136e0   _MCBSP_open
00013800   _vectors
00013820   _vector1
00013840   _vector2
00013860   _vector3
00013880   _vector4
000138a0   _vector5
000138c0   _vector6
000138e0   _vector7
00013900   _vector8
00013920   _vector9
00013940   _vector10
00013980   _vector12
000139a0   _vector13
000139c0   _vector14
000139e0   _vector15
00013a00   _DSK6713_LED_init
00013a40   _DSK6713_LED_off
00013ab0   _DSK6713_LED_on
00013b20   _DSK6713_LED_toggle
00013be0   _IRQ_map
00013da0   _MCBSP_reset
00013f40   __frcmpyd_div
00014080   _DSK6713_AIC23_rset
00014118   _DSK6713_AIC23_rget
00014140   _DSK6713_AIC23_config
000141c0   _MCBSP_start
000142c0   __auto_init
000143c0   __strasg
000144a0   _exit
00014580   __fixdi
00014640   _copy_in
00014700   _DSK6713_AIC23_setFreq
000147c0   __mpyll
00014900   ___TI_cpp_init
00014980   _c_int00
00014a00   __fltid
00014a60   __llshru
00014ac0   _IRQ_enable
00014b00   _IRQ_reset
00014b40   __args_main
00014b80   _IRQ_globalDisable
00014ba0   _IRQ_globalEnable
00014bc0   _IRQ_nmiEnable
00014be0   _IRQ_setVecs
00014c00   _MCBSP_getXmtEventId
00014c20   _MCBSP_write
00014c40   __cmpd
00014c60   __cvtfd
00014c80   __mpyd
00014ca0   C$$EXIT
00014ca0   _abort
00014cc0   __IRQ_hookFetchPacket
00014ce0   ___etext__
00014ce0   __stack
00014ce0   etext
000150e0   __STACK_END
ffffffff   ___TI_pprof_out_hndl
ffffffff   ___TI_prof_data_size
ffffffff   ___TI_prof_data_start
ffffffff   ___binit__
ffffffff   ___c_args__
ffffffff   ___pinit__
ffffffff   binit
ffffffff   pinit

[119 symbols]
