******************************************************************************
               TMS320C6x Linker PC v7.4.4                      
******************************************************************************
>> Linked Fri Nov 01 15:50:14 2024

OUTPUT FILE NAME:   <RadarProcessor_Lab3.out>
ENTRY POINT SYMBOL: "_c_int00"  address: 0000a440


MEMORY CONFIGURATION

         name            origin    length      used     unused   attr    fill
----------------------  --------  ---------  --------  --------  ----  --------
  IRAM                  00000000   00030000  0001e82c  000117d4  RWIX
  L2RAM                 00030000   00010000  00000000  00010000  RWIX
  EMIFCE0               80000000   10000000  00000000  10000000  RWIX
  EMIFCE1               90000000   10000000  00000000  10000000  RWIX
  EMIFCE2               a0000000   10000000  00000000  10000000  RWIX
  EMIFCE3               b0000000   10000000  00000000  10000000  RWIX


SECTION ALLOCATION MAP

 output                                  attributes/
section   page    origin      length       input sections
--------  ----  ----------  ----------   ----------------
.text      0    00000000    0000aa60     
                  00000000    00000780     RadarProcessor_lab3.obj (.text)
                  00000780    00000720     rts6700.lib : divd.obj (.text:__divd)
                  00000ea0    000006c0                 : _printfi.obj (.text:__getarg_diouxp)
                  00001560    000005a0                 : _printfi.obj (.text:__setfield)
                  00001b00    00000560                 : _printfi.obj (.text:__printfi)
                  00002060    000004c0                 : fputs.obj (.text:_fputs)
                  00002520    00000480     dsk6713bsl.lib : dsk6713.obj (.text)
                  000029a0    00000420     rts6700.lib : _printfi.obj (.text:_fcvt)
                  00002dc0    00000400                 : _printfi.obj (.text:__pproc_fge)
                  000031c0    00000400                 : _printfi.obj (.text:_ecvt)
                  000035c0    000003c0     RadarProcessor_lab3.obj (.text:retain)
                  00003980    00000380     rts6700.lib : imath64.obj (.text:__divull)
                  00003d00    00000380                 : memory.obj (.text:_free)
                  00004080    00000360                 : _printfi.obj (.text:__pconv_e)
                  000043e0    00000360                 : _printfi.obj (.text:__pproc_fwp)
                  00004740    00000300                 : _printfi.obj (.text:__pproc_diouxp)
                  00004a40    00000300     dsk6713bsl.lib : dsk6713_aic23_opencodec.obj (.text)
                  00004d40    000002c0     rts6700.lib : _printfi.obj (.text:__pconv_g)
                  00005000    000002c0                 : _printfi.obj (.text:__pproc_str)
                  000052c0    000002a0                 : fputc.obj (.text:_fputc)
                  00005560    000002a0                 : setvbuf.obj (.text:_setvbuf)
                  00005800    00000260                 : imath40.obj (.text:__divul)
                  00005a60    00000240                 : _printfi.obj (.text:__mcpy)
                  00005ca0    00000240                 : fopen.obj (.text:__openfile)
                  00005ee0    00000240                 : memory.obj (.text:_malloc)
                  00006120    00000240                 : memcpy62.obj (.text:_memcpy)
                  00006360    00000220                 : trgdrv.obj (.text:_HOSTrename)
                  00006580    00000220                 : lowlev.obj (.text:_open)
                  000067a0    00000060                 : isinf.obj (.text:___isinf)
                  00006800    00000200     Vectors_intr.obj (.text:vectors)
                  00006a00    000001e0     rts6700.lib : lowlev.obj (.text:_getdevice)
                  00006be0    000001e0     dsk6713bsl.lib : dsk6713_led.obj (.text)
                  00006dc0    000001c0     csl6713.lib : csl_irq.obj (.text:_IRQ_map)
                  00006f80    000001c0     rts6700.lib : fseek.obj (.text:_fseek)
                  00007140    000001a0     csl6713.lib : csl_mcbsp.obj (.text:_MCBSP_reset)
                  000072e0    000001a0     rts6700.lib : _printfi.obj (.text:__ltostr)
                  00007480    000001a0                 : _printfi.obj (.text:__pproc_fflags)
                  00007620    00000160                 : trgdrv.obj (.text:_HOSTlseek)
                  00007780    00000160                 : fclose.obj (.text:__closefile)
                  000078e0    00000160                 : fopen.obj (.text:__search_fp)
                  00007a40    00000140                 : trgdrv.obj (.text:_HOSTread)
                  00007b80    00000140                 : frcmpyd_div.obj (.text:__frcmpyd_div)
                  00007cc0    00000140                 : atoi.obj (.text:_atoi)
                  00007e00    00000140                 : sqrt.obj (.text:_sqrt)
                  00007f40    00000140     dsk6713bsl.lib : dsk6713_aic23_registers.obj (.text)
                  00008080    00000120     rts6700.lib : trgdrv.obj (.text:_HOSTopen)
                  000081a0    00000120                 : trgdrv.obj (.text:_HOSTwrite)
                  000082c0    00000120                 : _io_perm.obj (.text:__wrt_ok)
                  000083e0    00000120                 : lowlev.obj (.text:_close)
                  00008500    00000120                 : fprintf.obj (.text:_fprintf)
                  00008620    00000120                 : ltoa.obj (.text:_ltoa)
                  00008740    00000120                 : memset.obj (.text:_memset)
                  00008860    00000100                 : trgdrv.obj (.text:_HOSTclose)
                  00008960    00000100                 : trgdrv.obj (.text:_HOSTunlink)
                  00008a60    00000100     csl6713.lib : csl_mcbsp.obj (.text:_MCBSP_open)
                  00008b60    00000100                 : csl_mcbsp.obj (.text:_MCBSP_start)
                  00008c60    00000100     rts6700.lib : autoinit.obj (.text:__auto_init)
                  00008d60    00000100                 : _printfi.obj (.text:__div)
                  00008e60    00000100                 : imath40.obj (.text:__divli)
                  00008f60    00000100                 : _printfi.obj (.text:__pconv_f)
                  00009060    00000100                 : lowlev.obj (.text:_lseek)
                  00009160    00000100                 : lowlev.obj (.text:_write)
                  00009260    000000e0                 : fopen.obj (.text:__cleanup)
                  00009340    000000e0                 : fflush.obj (.text:__doflush)
                  00009420    000000e0                 : _printfi.obj (.text:__ecpy)
                  00009500    000000e0                 : _printfi.obj (.text:__fcpy)
                  000095e0    000000e0                 : strasg.obj (.text:__strasg)
                  000096c0    000000e0                 : exit.obj (.text:_exit)
                  000097a0    000000e0                 : memory.obj (.text:_minsert)
                  00009880    000000e0                 : memory.obj (.text:_mremove)
                  00009960    000000c0                 : divu.obj (.text:__divu)
                  00009a20    000000c0                 : fixdi.obj (.text:__fixdi)
                  00009ae0    000000c0                 : cpy_tbl.obj (.text:_copy_in)
                  00009ba0    000000c0                 : lowlev.obj (.text:_finddevice)
                  00009c60    000000c0     dsk6713bsl.lib : dsk6713_aic23_setfreq.obj (.text)
                  00009d20    000000a0     rts6700.lib : fixdli.obj (.text:__fixdli)
                  00009dc0    000000a0                 : mpyll.obj (.text:__mpyll)
                  00009e60    000000a0                 : imath40.obj (.text:__remli)
                  00009f00    000000a0                 : fopen.obj (.text:_fopen)
                  00009fa0    000000a0                 : trgmsg.obj (.text:_readmsg)
                  0000a040    000000a0     csl6713.lib : csl_irq.obj (.text:_setMux)
                  0000a0e0    000000a0     rts6700.lib : lowlev.obj (.text:_tabinit)
                  0000a180    000000a0                 : lowlev.obj (.text:_unlink)
                  0000a220    000000a0                 : trgmsg.obj (.text:_writemsg)
                  0000a2c0    00000080                 : cpp_init.obj (.text:___TI_cpp_init)
                  0000a340    00000080                 : fltlid.obj (.text:__fltlid)
                  0000a3c0    00000080                 : llshift.obj (.text:__llshl)
                  0000a440    00000080                 : boot.obj (.text:_c_int00)
                  0000a4c0    00000080                 : fclose.obj (.text:_fclose)
                  0000a540    00000080                 : memccpy.obj (.text:_memccpy)
                  0000a5c0    00000060                 : fltid.obj (.text:__fltid)
                  0000a620    00000060                 : llshift.obj (.text:__llshru)
                  0000a680    00000060                 : imath64.obj (.text:__subcull)
                  0000a6e0    00000040     csl6713.lib : csl_irq.obj (.text:_IRQ_enable)
                  0000a720    00000040                 : csl_irq.obj (.text:_IRQ_reset)
                  0000a760    00000040     rts6700.lib : _printfi.obj (.text:___isnan)
                  0000a7a0    00000040                 : args_main.obj (.text:__args_main)
                  0000a7e0    00000020     Vectors_intr.obj (.text)
                  0000a800    00000020     csl6713.lib : csl_irq.obj (.text:_IRQ_globalDisable)
                  0000a820    00000020                 : csl_irq.obj (.text:_IRQ_globalEnable)
                  0000a840    00000020                 : csl_irq.obj (.text:_IRQ_nmiEnable)
                  0000a860    00000020                 : csl_irq.obj (.text:_IRQ_setVecs)
                  0000a880    00000020                 : csl_mcbsp.obj (.text:_MCBSP_getXmtEventId)
                  0000a8a0    00000020                 : csl_mcbsp.obj (.text:_MCBSP_write)
                  0000a8c0    00000020     rts6700.lib : addf.obj (.text:__addf)
                  0000a8e0    00000020                 : cmpd.obj (.text:__cmpd)
                  0000a900    00000020                 : cvtfd.obj (.text:__cvtfd)
                  0000a920    00000020                 : mpyd.obj (.text:__mpyd)
                  0000a940    00000020                 : mpyf.obj (.text:__mpyf)
                  0000a960    00000020                 : negll.obj (.text:__negll)
                  0000a980    00000020                 : _lock.obj (.text:__nop)
                  0000a9a0    00000020                 : fprintf.obj (.text:__outc)
                  0000a9c0    00000020                 : fprintf.obj (.text:__outs)
                  0000a9e0    00000020                 : subf.obj (.text:__subf)
                  0000aa00    00000020                 : exit.obj (.text:_abort)
                  0000aa20    00000020                 : remove.obj (.text:_remove)
                  0000aa40    00000020     csl6713.lib : csl_irq.obj (.text)

.bss       0    00000000    00000000     UNINITIALIZED

.data      0    00000000    00000000     UNINITIALIZED

.pinit     0    00000000    00000000     UNINITIALIZED

.far       0    0000aa60    0000a264     UNINITIALIZED
                  0000aa60    00009c78     RadarProcessor_lab3.obj (.far)
                  000146d8    00000324     rts6700.lib : defs.obj (.far)
                  000149fc    0000011c                 : lowlev.obj (.far)
                  00014b18    000000f4     csl6713.lib : csl_irq.obj (.far)
                  00014c0c    00000038                 : csl_mcbsp.obj (.far)
                  00014c44    00000028     dsk6713bsl.lib : dsk6713_aic23_registers.obj (.far)
                  00014c6c    00000020                    : dsk6713_aic23_setfreq.obj (.far)
                  00014c8c    0000000c     rts6700.lib : exit.obj (.far)
                  00014c98    00000008     dsk6713bsl.lib : dsk6713_aic23_opencodec.obj (.far)
                  00014ca0    00000008     rts6700.lib : _lock.obj (.far)
                  00014ca8    00000008                 : memory.obj (.far)
                  00014cb0    00000008                 : trgdrv.obj (.far)
                  00014cb8    00000004                 : errno.obj (.far)
                  00014cbc    00000004                 : fopen.obj (.far)
                  00014cc0    00000002     dsk6713bsl.lib : dsk6713.obj (.far)
                  00014cc2    00000002                    : dsk6713_led.obj (.far)

.cinit     0    00014cc8    00009054     
                  00014cc8    00008d10     RadarProcessor_lab3.obj (.cinit)
                  0001d9d8    0000012c     csl6713.lib : csl_irq.obj (.cinit)
                  0001db04    00000004     --HOLE-- [fill = 0]
                  0001db08    0000005c     rts6700.lib : defs.obj (.cinit)
                  0001db64    00000004     --HOLE-- [fill = 0]
                  0001db68    0000005c                 : lowlev.obj (.cinit)
                  0001dbc4    00000004     --HOLE-- [fill = 0]
                  0001dbc8    00000054     csl6713.lib : csl_mcbsp.obj (.cinit)
                  0001dc1c    00000004     --HOLE-- [fill = 0]
                  0001dc20    00000030     dsk6713bsl.lib : dsk6713_aic23_registers.obj (.cinit)
                  0001dc50    0000002c     rts6700.lib : exit.obj (.cinit)
                  0001dc7c    00000004     --HOLE-- [fill = 0]
                  0001dc80    0000002c                 : memory.obj (.cinit)
                  0001dcac    00000004     --HOLE-- [fill = 0]
                  0001dcb0    00000028     dsk6713bsl.lib : dsk6713_aic23_setfreq.obj (.cinit)
                  0001dcd8    0000001c     rts6700.lib : _lock.obj (.cinit)
                  0001dcf4    00000004     --HOLE-- [fill = 0]
                  0001dcf8    0000000c                 : errno.obj (.cinit)
                  0001dd04    00000004     --HOLE-- [fill = 0]
                  0001dd08    0000000c                 : fopen.obj (.cinit)
                  0001dd14    00000004     --HOLE-- [fill = 0]
                  0001dd18    00000004     (.pad.cinit) [fill = 0]

.stack     0    0001dd20    00000400     UNINITIALIZED
                  0001dd20    00000008     rts6700.lib : boot.obj (.stack)
                  0001dd28    000003f8     --HOLE--

.sysmem    0    0001e120    00000400     UNINITIALIZED
                  0001e120    00000008     rts6700.lib : memory.obj (.sysmem)
                  0001e128    000003f8     --HOLE--

.const     0    0001e520    000001f4     
                  0001e520    00000101     rts6700.lib : ctype.obj (.const:.string:__ctypes_)
                  0001e621    00000002                 : fputs.obj (.const:.string)
                  0001e623    00000001     --HOLE-- [fill = 0]
                  0001e624    00000040     dsk6713bsl.lib : dsk6713_aic23_opencodec.obj (.const)
                  0001e664    00000038     RadarProcessor_lab3.obj (.const:.string)
                  0001e69c    00000004     --HOLE-- [fill = 0]
                  0001e6a0    00000030     RadarProcessor_lab3.obj (.const)
                  0001e6d0    00000023     rts6700.lib : _printfi.obj (.const:.string)
                  0001e6f3    00000001     --HOLE-- [fill = 0]
                  0001e6f4    00000020     dsk6713bsl.lib : dsk6713.obj (.const)

.cio       0    0001e714    00000120     UNINITIALIZED
                  0001e714    00000120     rts6700.lib : trgmsg.obj (.cio)


GLOBAL SYMBOLS: SORTED ALPHABETICALLY BY Name 

address    name
--------   ----
00000000   $bss
00000000   .bss
00000000   .data
00000000   .text
0000aa00   C$$EXIT
0000a298   C$$IO$$
0001e6c0   _CARRIER_FREQUENCY
0001e6c8   _CHIRP_DURATION
00014c98   _DSK6713_AIC23_codeccontrolhandle
00014c9c   _DSK6713_AIC23_codecdatahandle
00008000   _DSK6713_AIC23_config
00004a40   _DSK6713_AIC23_openCodec
00007fd8   _DSK6713_AIC23_rget
00007f40   _DSK6713_AIC23_rset
00009c60   _DSK6713_AIC23_setFreq
00006be0   _DSK6713_LED_init
00006c20   _DSK6713_LED_off
00006c90   _DSK6713_LED_on
00006d00   _DSK6713_LED_toggle
00002934   _DSK6713_getVersion
0000256c   _DSK6713_init
00002888   _DSK6713_rget
0000289c   _DSK6713_rset
00014cc0   _DSK6713_version
000028b0   _DSK6713_wait
00002908   _DSK6713_waitusec
00008860   _HOSTclose
00007620   _HOSTlseek
00008080   _HOSTopen
00007a40   _HOSTread
00006360   _HOSTrename
00008960   _HOSTunlink
000081a0   _HOSTwrite
0000a6e0   _IRQ_enable
0000a800   _IRQ_globalDisable
0000a820   _IRQ_globalEnable
00006dc0   _IRQ_map
0000a840   _IRQ_nmiEnable
0000a720   _IRQ_reset
0000a860   _IRQ_setVecs
000146d0   _MAX_SIGNAL_VALUE
0000a880   _MCBSP_getXmtEventId
00008a60   _MCBSP_open
00007140   _MCBSP_reset
00008b60   _MCBSP_start
0000a8a0   _MCBSP_write
0001e6a4   _NUM_CHIRPS
0001e6a0   _NUM_SAMPLES
0001e6a8   _NUM_SAMPLES_PER_CHIRP
0001e6b0   _SAMPLING_FREQUENCY
0001e6b8   _SPEED_OF_WAVE
0001e714   __CIOBUF_
00014c04   __IRQ_dispatchTable
00014b40   __IRQ_eventTable
0000aa40   __IRQ_hookFetchPacket
00014bc4   __IRQ_intTable
00014c3c   __MCBSP_hDev0
00014c40   __MCBSP_hDev1
0001e120   __STACK_END
00000400   __STACK_SIZE
00000400   __SYSMEM_SIZE
00000001   __TI_args_main
0000a2c0   ___TI_cpp_init
00014c94   ___TI_enable_exit_profile_output
ffffffff   ___TI_pprof_out_hndl
ffffffff   ___TI_prof_data_size
ffffffff   ___TI_prof_data_start
ffffffff   ___binit__
00000000   ___bss__
ffffffff   ___c_args__
00014cc8   ___cinit__
00000000   ___data__
00000000   ___edata__
00000000   ___end__
0000aa60   ___etext__
000067a0   ___isinf
ffffffff   ___pinit__
00000000   ___text__
0000a8c0   __addf
0000a7a0   __args_main
00008c60   __auto_init
00009960   __c6xabi_divu
00009260   __cleanup
00014c8c   __cleanup_ptr
00007780   __closefile
0000a8e0   __cmpd
0001e520   __ctypes_
0000a900   __cvtfd
00000780   __divd
00008e60   __divli
00009960   __divu
00005800   __divul
00003980   __divull
00009340   __doflush
00014c90   __dtors_ptr
00009a20   __fixdi
00009d20   __fixdli
0000a5c0   __fltid
0000a340   __fltlid
00007b80   __frcmpyd_div
000149f8   __ft_end
000146d8   __ftable
0000a3c0   __llshl
0000a620   __llshru
00014ca0   __lock
0000a920   __mpyd
0000a940   __mpyf
00009dc0   __mpyll
0000a960   __negll
0000a980   __nop
00001b00   __printfi
00009e60   __remli
0001dd20   __stack
000095e0   __strasg
0000a680   __subcull
0000a9e0   __subf
0001e120   __sys_memory
000148b8   __tmpnams
00014ca4   __unlock
000082c0   __wrt_ok
0000aa00   _abort
00007cc0   _atoi
0000a440   _c_int00
000035c0   _c_int11
000083e0   _close
000146a4   _config
00000478   _convert_double_to_short_for_output
00000000   _convolution
00009ae0   _copy_in
00014cb8   _errno
000096c0   _exit
0000a4c0   _fclose
00009f00   _fopen
00008500   _fprintf
000052c0   _fputc
00002060   _fputs
00003d00   _free
00006f80   _fseek
000146a0   _hCodec
00000544   _initialize
000146cc   _interrupt_count
00009060   _lseek
00008620   _ltoa
000003d0   _main
00005ee0   _malloc
0000a540   _memccpy
00006120   _memcpy
00008740   _memset
00006580   _open
000052c0   _putc
00013700   _range_signal
00009fa0   _readmsg
0000f880   _rec_img
0000ba00   _rec_real
0000aa20   _remove
00000288   _save_results
00005560   _setvbuf
0000b230   _sig_img
0000aa60   _sig_real
00007e00   _sqrt
0000a180   _unlink
00006820   _vector1
00006940   _vector10
00006980   _vector12
000069a0   _vector13
000069c0   _vector14
000069e0   _vector15
00006840   _vector2
00006860   _vector3
00006880   _vector4
000068a0   _vector5
000068c0   _vector6
000068e0   _vector7
00006900   _vector8
00006920   _vector9
00006800   _vectors
00009160   _write
0000a220   _writemsg
ffffffff   binit
00014cc8   cinit
00000000   edata
00000000   end
0000aa60   etext
ffffffff   pinit


GLOBAL SYMBOLS: SORTED BY Symbol Address 

address    name
--------   ----
00000000   $bss
00000000   .bss
00000000   .data
00000000   .text
00000000   ___bss__
00000000   ___data__
00000000   ___edata__
00000000   ___end__
00000000   ___text__
00000000   _convolution
00000000   edata
00000000   end
00000001   __TI_args_main
00000288   _save_results
000003d0   _main
00000400   __STACK_SIZE
00000400   __SYSMEM_SIZE
00000478   _convert_double_to_short_for_output
00000544   _initialize
00000780   __divd
00001b00   __printfi
00002060   _fputs
0000256c   _DSK6713_init
00002888   _DSK6713_rget
0000289c   _DSK6713_rset
000028b0   _DSK6713_wait
00002908   _DSK6713_waitusec
00002934   _DSK6713_getVersion
000035c0   _c_int11
00003980   __divull
00003d00   _free
00004a40   _DSK6713_AIC23_openCodec
000052c0   _fputc
000052c0   _putc
00005560   _setvbuf
00005800   __divul
00005ee0   _malloc
00006120   _memcpy
00006360   _HOSTrename
00006580   _open
000067a0   ___isinf
00006800   _vectors
00006820   _vector1
00006840   _vector2
00006860   _vector3
00006880   _vector4
000068a0   _vector5
000068c0   _vector6
000068e0   _vector7
00006900   _vector8
00006920   _vector9
00006940   _vector10
00006980   _vector12
000069a0   _vector13
000069c0   _vector14
000069e0   _vector15
00006be0   _DSK6713_LED_init
00006c20   _DSK6713_LED_off
00006c90   _DSK6713_LED_on
00006d00   _DSK6713_LED_toggle
00006dc0   _IRQ_map
00006f80   _fseek
00007140   _MCBSP_reset
00007620   _HOSTlseek
00007780   __closefile
00007a40   _HOSTread
00007b80   __frcmpyd_div
00007cc0   _atoi
00007e00   _sqrt
00007f40   _DSK6713_AIC23_rset
00007fd8   _DSK6713_AIC23_rget
00008000   _DSK6713_AIC23_config
00008080   _HOSTopen
000081a0   _HOSTwrite
000082c0   __wrt_ok
000083e0   _close
00008500   _fprintf
00008620   _ltoa
00008740   _memset
00008860   _HOSTclose
00008960   _HOSTunlink
00008a60   _MCBSP_open
00008b60   _MCBSP_start
00008c60   __auto_init
00008e60   __divli
00009060   _lseek
00009160   _write
00009260   __cleanup
00009340   __doflush
000095e0   __strasg
000096c0   _exit
00009960   __c6xabi_divu
00009960   __divu
00009a20   __fixdi
00009ae0   _copy_in
00009c60   _DSK6713_AIC23_setFreq
00009d20   __fixdli
00009dc0   __mpyll
00009e60   __remli
00009f00   _fopen
00009fa0   _readmsg
0000a180   _unlink
0000a220   _writemsg
0000a298   C$$IO$$
0000a2c0   ___TI_cpp_init
0000a340   __fltlid
0000a3c0   __llshl
0000a440   _c_int00
0000a4c0   _fclose
0000a540   _memccpy
0000a5c0   __fltid
0000a620   __llshru
0000a680   __subcull
0000a6e0   _IRQ_enable
0000a720   _IRQ_reset
0000a7a0   __args_main
0000a800   _IRQ_globalDisable
0000a820   _IRQ_globalEnable
0000a840   _IRQ_nmiEnable
0000a860   _IRQ_setVecs
0000a880   _MCBSP_getXmtEventId
0000a8a0   _MCBSP_write
0000a8c0   __addf
0000a8e0   __cmpd
0000a900   __cvtfd
0000a920   __mpyd
0000a940   __mpyf
0000a960   __negll
0000a980   __nop
0000a9e0   __subf
0000aa00   C$$EXIT
0000aa00   _abort
0000aa20   _remove
0000aa40   __IRQ_hookFetchPacket
0000aa60   ___etext__
0000aa60   _sig_real
0000aa60   etext
0000b230   _sig_img
0000ba00   _rec_real
0000f880   _rec_img
00013700   _range_signal
000146a0   _hCodec
000146a4   _config
000146cc   _interrupt_count
000146d0   _MAX_SIGNAL_VALUE
000146d8   __ftable
000148b8   __tmpnams
000149f8   __ft_end
00014b40   __IRQ_eventTable
00014bc4   __IRQ_intTable
00014c04   __IRQ_dispatchTable
00014c3c   __MCBSP_hDev0
00014c40   __MCBSP_hDev1
00014c8c   __cleanup_ptr
00014c90   __dtors_ptr
00014c94   ___TI_enable_exit_profile_output
00014c98   _DSK6713_AIC23_codeccontrolhandle
00014c9c   _DSK6713_AIC23_codecdatahandle
00014ca0   __lock
00014ca4   __unlock
00014cb8   _errno
00014cc0   _DSK6713_version
00014cc8   ___cinit__
00014cc8   cinit
0001dd20   __stack
0001e120   __STACK_END
0001e120   __sys_memory
0001e520   __ctypes_
0001e6a0   _NUM_SAMPLES
0001e6a4   _NUM_CHIRPS
0001e6a8   _NUM_SAMPLES_PER_CHIRP
0001e6b0   _SAMPLING_FREQUENCY
0001e6b8   _SPEED_OF_WAVE
0001e6c0   _CARRIER_FREQUENCY
0001e6c8   _CHIRP_DURATION
0001e714   __CIOBUF_
ffffffff   ___TI_pprof_out_hndl
ffffffff   ___TI_prof_data_size
ffffffff   ___TI_prof_data_start
ffffffff   ___binit__
ffffffff   ___c_args__
ffffffff   ___pinit__
ffffffff   binit
ffffffff   pinit

[184 symbols]
