<?xml version="1.0"?>
<link_info>
   <banner>TMS320C6x Linker PC v7.4.4</banner>
   <copyright>Copyright (c) 1996-2013 Texas Instruments Incorporated</copyright>
   <link_time>0x672530f6</link_time>
   <output_file>RadarProcessor_Lab3.out</output_file>
   <entry_point>
      <name>_c_int00</name>
      <address>0xa440</address>
   </entry_point>
   <input_file_list>
      <input_file id="fl-2">
         <path>.\</path>
         <kind>object</kind>
         <file>Vectors_intr.obj</file>
         <name>Vectors_intr.obj</name>
      </input_file>
      <input_file id="fl-3">
         <path>.\</path>
         <kind>object</kind>
         <file>RadarProcessor_lab3.obj</file>
         <name>RadarProcessor_lab3.obj</name>
      </input_file>
      <input_file id="fl-9">
         <path>Y:\DSK6713\c6000\dsk6713\lib\</path>
         <kind>archive</kind>
         <file>dsk6713bsl.lib</file>
         <name>dsk6713.obj</name>
      </input_file>
      <input_file id="fl-a">
         <path>Y:\DSK6713\c6000\dsk6713\lib\</path>
         <kind>archive</kind>
         <file>dsk6713bsl.lib</file>
         <name>dsk6713_aic23_opencodec.obj</name>
      </input_file>
      <input_file id="fl-b">
         <path>Y:\DSK6713\c6000\dsk6713\lib\</path>
         <kind>archive</kind>
         <file>dsk6713bsl.lib</file>
         <name>dsk6713_aic23_registers.obj</name>
      </input_file>
      <input_file id="fl-c">
         <path>Y:\DSK6713\c6000\dsk6713\lib\</path>
         <kind>archive</kind>
         <file>dsk6713bsl.lib</file>
         <name>dsk6713_aic23_setfreq.obj</name>
      </input_file>
      <input_file id="fl-d">
         <path>Y:\DSK6713\c6000\dsk6713\lib\</path>
         <kind>archive</kind>
         <file>dsk6713bsl.lib</file>
         <name>dsk6713_led.obj</name>
      </input_file>
      <input_file id="fl-85">
         <path>C:\ti\ccsv5\tools\compiler\c6000_7.4.4\lib\</path>
         <kind>archive</kind>
         <file>rts6700.lib</file>
         <name>addf.obj</name>
      </input_file>
      <input_file id="fl-86">
         <path>C:\ti\ccsv5\tools\compiler\c6000_7.4.4\lib\</path>
         <kind>archive</kind>
         <file>rts6700.lib</file>
         <name>boot.obj</name>
      </input_file>
      <input_file id="fl-87">
         <path>C:\ti\ccsv5\tools\compiler\c6000_7.4.4\lib\</path>
         <kind>archive</kind>
         <file>rts6700.lib</file>
         <name>cmpd.obj</name>
      </input_file>
      <input_file id="fl-88">
         <path>C:\ti\ccsv5\tools\compiler\c6000_7.4.4\lib\</path>
         <kind>archive</kind>
         <file>rts6700.lib</file>
         <name>cvtfd.obj</name>
      </input_file>
      <input_file id="fl-89">
         <path>C:\ti\ccsv5\tools\compiler\c6000_7.4.4\lib\</path>
         <kind>archive</kind>
         <file>rts6700.lib</file>
         <name>divd.obj</name>
      </input_file>
      <input_file id="fl-8a">
         <path>C:\ti\ccsv5\tools\compiler\c6000_7.4.4\lib\</path>
         <kind>archive</kind>
         <file>rts6700.lib</file>
         <name>exit.obj</name>
      </input_file>
      <input_file id="fl-8b">
         <path>C:\ti\ccsv5\tools\compiler\c6000_7.4.4\lib\</path>
         <kind>archive</kind>
         <file>rts6700.lib</file>
         <name>fclose.obj</name>
      </input_file>
      <input_file id="fl-8c">
         <path>C:\ti\ccsv5\tools\compiler\c6000_7.4.4\lib\</path>
         <kind>archive</kind>
         <file>rts6700.lib</file>
         <name>fflush.obj</name>
      </input_file>
      <input_file id="fl-8d">
         <path>C:\ti\ccsv5\tools\compiler\c6000_7.4.4\lib\</path>
         <kind>archive</kind>
         <file>rts6700.lib</file>
         <name>fixdi.obj</name>
      </input_file>
      <input_file id="fl-8e">
         <path>C:\ti\ccsv5\tools\compiler\c6000_7.4.4\lib\</path>
         <kind>archive</kind>
         <file>rts6700.lib</file>
         <name>fltid.obj</name>
      </input_file>
      <input_file id="fl-8f">
         <path>C:\ti\ccsv5\tools\compiler\c6000_7.4.4\lib\</path>
         <kind>archive</kind>
         <file>rts6700.lib</file>
         <name>fopen.obj</name>
      </input_file>
      <input_file id="fl-90">
         <path>C:\ti\ccsv5\tools\compiler\c6000_7.4.4\lib\</path>
         <kind>archive</kind>
         <file>rts6700.lib</file>
         <name>fprintf.obj</name>
      </input_file>
      <input_file id="fl-91">
         <path>C:\ti\ccsv5\tools\compiler\c6000_7.4.4\lib\</path>
         <kind>archive</kind>
         <file>rts6700.lib</file>
         <name>fputc.obj</name>
      </input_file>
      <input_file id="fl-92">
         <path>C:\ti\ccsv5\tools\compiler\c6000_7.4.4\lib\</path>
         <kind>archive</kind>
         <file>rts6700.lib</file>
         <name>fputs.obj</name>
      </input_file>
      <input_file id="fl-93">
         <path>C:\ti\ccsv5\tools\compiler\c6000_7.4.4\lib\</path>
         <kind>archive</kind>
         <file>rts6700.lib</file>
         <name>frcmpyd_div.obj</name>
      </input_file>
      <input_file id="fl-94">
         <path>C:\ti\ccsv5\tools\compiler\c6000_7.4.4\lib\</path>
         <kind>archive</kind>
         <file>rts6700.lib</file>
         <name>llshift.obj</name>
      </input_file>
      <input_file id="fl-95">
         <path>C:\ti\ccsv5\tools\compiler\c6000_7.4.4\lib\</path>
         <kind>archive</kind>
         <file>rts6700.lib</file>
         <name>lowlev.obj</name>
      </input_file>
      <input_file id="fl-96">
         <path>C:\ti\ccsv5\tools\compiler\c6000_7.4.4\lib\</path>
         <kind>archive</kind>
         <file>rts6700.lib</file>
         <name>memcpy62.obj</name>
      </input_file>
      <input_file id="fl-97">
         <path>C:\ti\ccsv5\tools\compiler\c6000_7.4.4\lib\</path>
         <kind>archive</kind>
         <file>rts6700.lib</file>
         <name>memory.obj</name>
      </input_file>
      <input_file id="fl-98">
         <path>C:\ti\ccsv5\tools\compiler\c6000_7.4.4\lib\</path>
         <kind>archive</kind>
         <file>rts6700.lib</file>
         <name>memset.obj</name>
      </input_file>
      <input_file id="fl-99">
         <path>C:\ti\ccsv5\tools\compiler\c6000_7.4.4\lib\</path>
         <kind>archive</kind>
         <file>rts6700.lib</file>
         <name>mpyd.obj</name>
      </input_file>
      <input_file id="fl-9a">
         <path>C:\ti\ccsv5\tools\compiler\c6000_7.4.4\lib\</path>
         <kind>archive</kind>
         <file>rts6700.lib</file>
         <name>mpyf.obj</name>
      </input_file>
      <input_file id="fl-9b">
         <path>C:\ti\ccsv5\tools\compiler\c6000_7.4.4\lib\</path>
         <kind>archive</kind>
         <file>rts6700.lib</file>
         <name>mpyll.obj</name>
      </input_file>
      <input_file id="fl-9c">
         <path>C:\ti\ccsv5\tools\compiler\c6000_7.4.4\lib\</path>
         <kind>archive</kind>
         <file>rts6700.lib</file>
         <name>remove.obj</name>
      </input_file>
      <input_file id="fl-9d">
         <path>C:\ti\ccsv5\tools\compiler\c6000_7.4.4\lib\</path>
         <kind>archive</kind>
         <file>rts6700.lib</file>
         <name>sqrt.obj</name>
      </input_file>
      <input_file id="fl-9e">
         <path>C:\ti\ccsv5\tools\compiler\c6000_7.4.4\lib\</path>
         <kind>archive</kind>
         <file>rts6700.lib</file>
         <name>strasg.obj</name>
      </input_file>
      <input_file id="fl-9f">
         <path>C:\ti\ccsv5\tools\compiler\c6000_7.4.4\lib\</path>
         <kind>archive</kind>
         <file>rts6700.lib</file>
         <name>subf.obj</name>
      </input_file>
      <input_file id="fl-a0">
         <path>C:\ti\ccsv5\tools\compiler\c6000_7.4.4\lib\</path>
         <kind>archive</kind>
         <file>rts6700.lib</file>
         <name>trgdrv.obj</name>
      </input_file>
      <input_file id="fl-a1">
         <path>C:\ti\ccsv5\tools\compiler\c6000_7.4.4\lib\</path>
         <kind>archive</kind>
         <file>rts6700.lib</file>
         <name>trgmsg.obj</name>
      </input_file>
      <input_file id="fl-a2">
         <path>C:\ti\ccsv5\tools\compiler\c6000_7.4.4\lib\</path>
         <kind>archive</kind>
         <file>rts6700.lib</file>
         <name>_io_perm.obj</name>
      </input_file>
      <input_file id="fl-a3">
         <path>C:\ti\ccsv5\tools\compiler\c6000_7.4.4\lib\</path>
         <kind>archive</kind>
         <file>rts6700.lib</file>
         <name>_lock.obj</name>
      </input_file>
      <input_file id="fl-a4">
         <path>C:\ti\ccsv5\tools\compiler\c6000_7.4.4\lib\</path>
         <kind>archive</kind>
         <file>rts6700.lib</file>
         <name>_printfi.obj</name>
      </input_file>
      <input_file id="fl-a5">
         <path>C:\ti\ccsv5\tools\compiler\c6000_7.4.4\lib\</path>
         <kind>archive</kind>
         <file>rts6700.lib</file>
         <name>args_main.obj</name>
      </input_file>
      <input_file id="fl-a6">
         <path>C:\ti\ccsv5\tools\compiler\c6000_7.4.4\lib\</path>
         <kind>archive</kind>
         <file>rts6700.lib</file>
         <name>atoi.obj</name>
      </input_file>
      <input_file id="fl-a7">
         <path>C:\ti\ccsv5\tools\compiler\c6000_7.4.4\lib\</path>
         <kind>archive</kind>
         <file>rts6700.lib</file>
         <name>autoinit.obj</name>
      </input_file>
      <input_file id="fl-a8">
         <path>C:\ti\ccsv5\tools\compiler\c6000_7.4.4\lib\</path>
         <kind>archive</kind>
         <file>rts6700.lib</file>
         <name>cpp_init.obj</name>
      </input_file>
      <input_file id="fl-a9">
         <path>C:\ti\ccsv5\tools\compiler\c6000_7.4.4\lib\</path>
         <kind>archive</kind>
         <file>rts6700.lib</file>
         <name>cpy_tbl.obj</name>
      </input_file>
      <input_file id="fl-aa">
         <path>C:\ti\ccsv5\tools\compiler\c6000_7.4.4\lib\</path>
         <kind>archive</kind>
         <file>rts6700.lib</file>
         <name>ctype.obj</name>
      </input_file>
      <input_file id="fl-ab">
         <path>C:\ti\ccsv5\tools\compiler\c6000_7.4.4\lib\</path>
         <kind>archive</kind>
         <file>rts6700.lib</file>
         <name>defs.obj</name>
      </input_file>
      <input_file id="fl-ac">
         <path>C:\ti\ccsv5\tools\compiler\c6000_7.4.4\lib\</path>
         <kind>archive</kind>
         <file>rts6700.lib</file>
         <name>divu.obj</name>
      </input_file>
      <input_file id="fl-ad">
         <path>C:\ti\ccsv5\tools\compiler\c6000_7.4.4\lib\</path>
         <kind>archive</kind>
         <file>rts6700.lib</file>
         <name>errno.obj</name>
      </input_file>
      <input_file id="fl-ae">
         <path>C:\ti\ccsv5\tools\compiler\c6000_7.4.4\lib\</path>
         <kind>archive</kind>
         <file>rts6700.lib</file>
         <name>fixdli.obj</name>
      </input_file>
      <input_file id="fl-af">
         <path>C:\ti\ccsv5\tools\compiler\c6000_7.4.4\lib\</path>
         <kind>archive</kind>
         <file>rts6700.lib</file>
         <name>fltlid.obj</name>
      </input_file>
      <input_file id="fl-b0">
         <path>C:\ti\ccsv5\tools\compiler\c6000_7.4.4\lib\</path>
         <kind>archive</kind>
         <file>rts6700.lib</file>
         <name>fseek.obj</name>
      </input_file>
      <input_file id="fl-b1">
         <path>C:\ti\ccsv5\tools\compiler\c6000_7.4.4\lib\</path>
         <kind>archive</kind>
         <file>rts6700.lib</file>
         <name>imath40.obj</name>
      </input_file>
      <input_file id="fl-b2">
         <path>C:\ti\ccsv5\tools\compiler\c6000_7.4.4\lib\</path>
         <kind>archive</kind>
         <file>rts6700.lib</file>
         <name>imath64.obj</name>
      </input_file>
      <input_file id="fl-b3">
         <path>C:\ti\ccsv5\tools\compiler\c6000_7.4.4\lib\</path>
         <kind>archive</kind>
         <file>rts6700.lib</file>
         <name>isinf.obj</name>
      </input_file>
      <input_file id="fl-b4">
         <path>C:\ti\ccsv5\tools\compiler\c6000_7.4.4\lib\</path>
         <kind>archive</kind>
         <file>rts6700.lib</file>
         <name>ltoa.obj</name>
      </input_file>
      <input_file id="fl-b5">
         <path>C:\ti\ccsv5\tools\compiler\c6000_7.4.4\lib\</path>
         <kind>archive</kind>
         <file>rts6700.lib</file>
         <name>memccpy.obj</name>
      </input_file>
      <input_file id="fl-b6">
         <path>C:\ti\ccsv5\tools\compiler\c6000_7.4.4\lib\</path>
         <kind>archive</kind>
         <file>rts6700.lib</file>
         <name>negll.obj</name>
      </input_file>
      <input_file id="fl-b7">
         <path>C:\ti\ccsv5\tools\compiler\c6000_7.4.4\lib\</path>
         <kind>archive</kind>
         <file>rts6700.lib</file>
         <name>setvbuf.obj</name>
      </input_file>
      <input_file id="fl-b8">
         <path>C:\ti\ccsv5\tools\compiler\c6000_7.4.4\lib\</path>
         <kind>archive</kind>
         <file>rts6700.lib</file>
         <name>abs.obj</name>
      </input_file>
      <input_file id="fl-b9">
         <path>Y:\COE4TL4\C6xCSL\lib_3x\</path>
         <kind>archive</kind>
         <file>csl6713.lib</file>
         <name>csl_irq.obj</name>
      </input_file>
      <input_file id="fl-ba">
         <path>Y:\COE4TL4\C6xCSL\lib_3x\</path>
         <kind>archive</kind>
         <file>csl6713.lib</file>
         <name>csl_mcbsp.obj</name>
      </input_file>
   </input_file_list>
   <object_component_list>
      <object_component id="oc-104">
         <name>.text</name>
         <load_address>0x0</load_address>
         <run_address>0x0</run_address>
         <size>0x780</size>
         <input_file_ref idref="fl-3"/>
      </object_component>
      <object_component id="oc-11a">
         <name>.text:__divd</name>
         <load_address>0x780</load_address>
         <run_address>0x780</run_address>
         <size>0x720</size>
         <input_file_ref idref="fl-89"/>
      </object_component>
      <object_component id="oc-152">
         <name>.text:__getarg_diouxp</name>
         <load_address>0xea0</load_address>
         <run_address>0xea0</run_address>
         <size>0x6c0</size>
         <input_file_ref idref="fl-a4"/>
      </object_component>
      <object_component id="oc-137">
         <name>.text:__setfield</name>
         <load_address>0x1560</load_address>
         <run_address>0x1560</run_address>
         <size>0x5a0</size>
         <input_file_ref idref="fl-a4"/>
      </object_component>
      <object_component id="oc-12b">
         <name>.text:__printfi</name>
         <load_address>0x1b00</load_address>
         <run_address>0x1b00</run_address>
         <size>0x560</size>
         <input_file_ref idref="fl-a4"/>
      </object_component>
      <object_component id="oc-133">
         <name>.text:_fputs</name>
         <load_address>0x2060</load_address>
         <run_address>0x2060</run_address>
         <size>0x4c0</size>
         <input_file_ref idref="fl-92"/>
      </object_component>
      <object_component id="oc-26">
         <name>.text</name>
         <load_address>0x2520</load_address>
         <run_address>0x2520</run_address>
         <size>0x480</size>
         <input_file_ref idref="fl-9"/>
      </object_component>
      <object_component id="oc-15a">
         <name>.text:_fcvt</name>
         <load_address>0x29a0</load_address>
         <run_address>0x29a0</run_address>
         <size>0x420</size>
         <input_file_ref idref="fl-a4"/>
      </object_component>
      <object_component id="oc-143">
         <name>.text:__pproc_fge</name>
         <load_address>0x2dc0</load_address>
         <run_address>0x2dc0</run_address>
         <size>0x400</size>
         <input_file_ref idref="fl-a4"/>
      </object_component>
      <object_component id="oc-157">
         <name>.text:_ecvt</name>
         <load_address>0x31c0</load_address>
         <run_address>0x31c0</run_address>
         <size>0x400</size>
         <input_file_ref idref="fl-a4"/>
      </object_component>
      <object_component id="oc-21">
         <name>.text:retain</name>
         <load_address>0x35c0</load_address>
         <run_address>0x35c0</run_address>
         <size>0x3c0</size>
         <input_file_ref idref="fl-3"/>
      </object_component>
      <object_component id="oc-162">
         <name>.text:__divull</name>
         <load_address>0x3980</load_address>
         <run_address>0x3980</run_address>
         <size>0x380</size>
         <input_file_ref idref="fl-b2"/>
      </object_component>
      <object_component id="oc-13a">
         <name>.text:_free</name>
         <load_address>0x3d00</load_address>
         <run_address>0x3d00</run_address>
         <size>0x380</size>
         <input_file_ref idref="fl-97"/>
      </object_component>
      <object_component id="oc-151">
         <name>.text:__pconv_e</name>
         <load_address>0x4080</load_address>
         <run_address>0x4080</run_address>
         <size>0x360</size>
         <input_file_ref idref="fl-a4"/>
      </object_component>
      <object_component id="oc-136">
         <name>.text:__pproc_fwp</name>
         <load_address>0x43e0</load_address>
         <run_address>0x43e0</run_address>
         <size>0x360</size>
         <input_file_ref idref="fl-a4"/>
      </object_component>
      <object_component id="oc-144">
         <name>.text:__pproc_diouxp</name>
         <load_address>0x4740</load_address>
         <run_address>0x4740</run_address>
         <size>0x300</size>
         <input_file_ref idref="fl-a4"/>
      </object_component>
      <object_component id="oc-2c">
         <name>.text</name>
         <load_address>0x4a40</load_address>
         <run_address>0x4a40</run_address>
         <size>0x300</size>
         <input_file_ref idref="fl-a"/>
      </object_component>
      <object_component id="oc-14f">
         <name>.text:__pconv_g</name>
         <load_address>0x4d40</load_address>
         <run_address>0x4d40</run_address>
         <size>0x2c0</size>
         <input_file_ref idref="fl-a4"/>
      </object_component>
      <object_component id="oc-138">
         <name>.text:__pproc_str</name>
         <load_address>0x5000</load_address>
         <run_address>0x5000</run_address>
         <size>0x2c0</size>
         <input_file_ref idref="fl-a4"/>
      </object_component>
      <object_component id="oc-134">
         <name>.text:_fputc</name>
         <load_address>0x52c0</load_address>
         <run_address>0x52c0</run_address>
         <size>0x2a0</size>
         <input_file_ref idref="fl-91"/>
      </object_component>
      <object_component id="oc-14b">
         <name>.text:_setvbuf</name>
         <load_address>0x5560</load_address>
         <run_address>0x5560</run_address>
         <size>0x2a0</size>
         <input_file_ref idref="fl-b7"/>
      </object_component>
      <object_component id="oc-161">
         <name>.text:__divul</name>
         <load_address>0x5800</load_address>
         <run_address>0x5800</run_address>
         <size>0x260</size>
         <input_file_ref idref="fl-b1"/>
      </object_component>
      <object_component id="oc-159">
         <name>.text:__mcpy</name>
         <load_address>0x5a60</load_address>
         <run_address>0x5a60</run_address>
         <size>0x240</size>
         <input_file_ref idref="fl-a4"/>
      </object_component>
      <object_component id="oc-128">
         <name>.text:__openfile</name>
         <load_address>0x5ca0</load_address>
         <run_address>0x5ca0</run_address>
         <size>0x240</size>
         <input_file_ref idref="fl-8f"/>
      </object_component>
      <object_component id="oc-156">
         <name>.text:_malloc</name>
         <load_address>0x5ee0</load_address>
         <run_address>0x5ee0</run_address>
         <size>0x240</size>
         <input_file_ref idref="fl-97"/>
      </object_component>
      <object_component id="oc-112">
         <name>.text:_memcpy</name>
         <load_address>0x6120</load_address>
         <run_address>0x6120</run_address>
         <size>0x240</size>
         <input_file_ref idref="fl-96"/>
      </object_component>
      <object_component id="oc-10f">
         <name>.text:_HOSTrename</name>
         <load_address>0x6360</load_address>
         <run_address>0x6360</run_address>
         <size>0x220</size>
         <input_file_ref idref="fl-a0"/>
      </object_component>
      <object_component id="oc-132">
         <name>.text:_open</name>
         <load_address>0x6580</load_address>
         <run_address>0x6580</run_address>
         <size>0x220</size>
         <input_file_ref idref="fl-95"/>
      </object_component>
      <object_component id="oc-14e">
         <name>.text:___isinf</name>
         <load_address>0x67a0</load_address>
         <run_address>0x67a0</run_address>
         <size>0x60</size>
         <input_file_ref idref="fl-b3"/>
      </object_component>
      <object_component id="oc-19">
         <name>.text:vectors</name>
         <load_address>0x6800</load_address>
         <run_address>0x6800</run_address>
         <size>0x200</size>
         <input_file_ref idref="fl-2"/>
      </object_component>
      <object_component id="oc-13f">
         <name>.text:_getdevice</name>
         <load_address>0x6a00</load_address>
         <run_address>0x6a00</run_address>
         <size>0x1e0</size>
         <input_file_ref idref="fl-95"/>
      </object_component>
      <object_component id="oc-3e">
         <name>.text</name>
         <load_address>0x6be0</load_address>
         <run_address>0x6be0</run_address>
         <size>0x1e0</size>
         <input_file_ref idref="fl-d"/>
      </object_component>
      <object_component id="oc-11f">
         <name>.text:_IRQ_map</name>
         <load_address>0x6dc0</load_address>
         <run_address>0x6dc0</run_address>
         <size>0x1c0</size>
         <input_file_ref idref="fl-b9"/>
      </object_component>
      <object_component id="oc-14a">
         <name>.text:_fseek</name>
         <load_address>0x6f80</load_address>
         <run_address>0x6f80</run_address>
         <size>0x1c0</size>
         <input_file_ref idref="fl-b0"/>
      </object_component>
      <object_component id="oc-124">
         <name>.text:_MCBSP_reset</name>
         <load_address>0x7140</load_address>
         <run_address>0x7140</run_address>
         <size>0x1a0</size>
         <input_file_ref idref="fl-ba"/>
      </object_component>
      <object_component id="oc-154">
         <name>.text:__ltostr</name>
         <load_address>0x72e0</load_address>
         <run_address>0x72e0</run_address>
         <size>0x1a0</size>
         <input_file_ref idref="fl-a4"/>
      </object_component>
      <object_component id="oc-135">
         <name>.text:__pproc_fflags</name>
         <load_address>0x7480</load_address>
         <run_address>0x7480</run_address>
         <size>0x1a0</size>
         <input_file_ref idref="fl-a4"/>
      </object_component>
      <object_component id="oc-10d">
         <name>.text:_HOSTlseek</name>
         <load_address>0x7620</load_address>
         <run_address>0x7620</run_address>
         <size>0x160</size>
         <input_file_ref idref="fl-a0"/>
      </object_component>
      <object_component id="oc-12c">
         <name>.text:__closefile</name>
         <load_address>0x7780</load_address>
         <run_address>0x7780</run_address>
         <size>0x160</size>
         <input_file_ref idref="fl-8b"/>
      </object_component>
      <object_component id="oc-127">
         <name>.text:__search_fp</name>
         <load_address>0x78e0</load_address>
         <run_address>0x78e0</run_address>
         <size>0x160</size>
         <input_file_ref idref="fl-8f"/>
      </object_component>
      <object_component id="oc-10b">
         <name>.text:_HOSTread</name>
         <load_address>0x7a40</load_address>
         <run_address>0x7a40</run_address>
         <size>0x140</size>
         <input_file_ref idref="fl-a0"/>
      </object_component>
      <object_component id="oc-12e">
         <name>.text:__frcmpyd_div</name>
         <load_address>0x7b80</load_address>
         <run_address>0x7b80</run_address>
         <size>0x140</size>
         <input_file_ref idref="fl-93"/>
      </object_component>
      <object_component id="oc-142">
         <name>.text:_atoi</name>
         <load_address>0x7cc0</load_address>
         <run_address>0x7cc0</run_address>
         <size>0x140</size>
         <input_file_ref idref="fl-a6"/>
      </object_component>
      <object_component id="oc-101">
         <name>.text:_sqrt</name>
         <load_address>0x7e00</load_address>
         <run_address>0x7e00</run_address>
         <size>0x140</size>
         <input_file_ref idref="fl-9d"/>
      </object_component>
      <object_component id="oc-32">
         <name>.text</name>
         <load_address>0x7f40</load_address>
         <run_address>0x7f40</run_address>
         <size>0x140</size>
         <input_file_ref idref="fl-b"/>
      </object_component>
      <object_component id="oc-109">
         <name>.text:_HOSTopen</name>
         <load_address>0x8080</load_address>
         <run_address>0x8080</run_address>
         <size>0x120</size>
         <input_file_ref idref="fl-a0"/>
      </object_component>
      <object_component id="oc-10c">
         <name>.text:_HOSTwrite</name>
         <load_address>0x81a0</load_address>
         <run_address>0x81a0</run_address>
         <size>0x120</size>
         <input_file_ref idref="fl-a0"/>
      </object_component>
      <object_component id="oc-140">
         <name>.text:__wrt_ok</name>
         <load_address>0x82c0</load_address>
         <run_address>0x82c0</run_address>
         <size>0x120</size>
         <input_file_ref idref="fl-a2"/>
      </object_component>
      <object_component id="oc-13b">
         <name>.text:_close</name>
         <load_address>0x83e0</load_address>
         <run_address>0x83e0</run_address>
         <size>0x120</size>
         <input_file_ref idref="fl-95"/>
      </object_component>
      <object_component id="oc-117">
         <name>.text:_fprintf</name>
         <load_address>0x8500</load_address>
         <run_address>0x8500</run_address>
         <size>0x120</size>
         <input_file_ref idref="fl-90"/>
      </object_component>
      <object_component id="oc-15e">
         <name>.text:_ltoa</name>
         <load_address>0x8620</load_address>
         <run_address>0x8620</run_address>
         <size>0x120</size>
         <input_file_ref idref="fl-b4"/>
      </object_component>
      <object_component id="oc-130">
         <name>.text:_memset</name>
         <load_address>0x8740</load_address>
         <run_address>0x8740</run_address>
         <size>0x120</size>
         <input_file_ref idref="fl-98"/>
      </object_component>
      <object_component id="oc-10a">
         <name>.text:_HOSTclose</name>
         <load_address>0x8860</load_address>
         <run_address>0x8860</run_address>
         <size>0x100</size>
         <input_file_ref idref="fl-a0"/>
      </object_component>
      <object_component id="oc-10e">
         <name>.text:_HOSTunlink</name>
         <load_address>0x8960</load_address>
         <run_address>0x8960</run_address>
         <size>0x100</size>
         <input_file_ref idref="fl-a0"/>
      </object_component>
      <object_component id="oc-107">
         <name>.text:_MCBSP_open</name>
         <load_address>0x8a60</load_address>
         <run_address>0x8a60</run_address>
         <size>0x100</size>
         <input_file_ref idref="fl-ba"/>
      </object_component>
      <object_component id="oc-108">
         <name>.text:_MCBSP_start</name>
         <load_address>0x8b60</load_address>
         <run_address>0x8b60</run_address>
         <size>0x100</size>
         <input_file_ref idref="fl-ba"/>
      </object_component>
      <object_component id="oc-fb">
         <name>.text:__auto_init</name>
         <load_address>0x8c60</load_address>
         <run_address>0x8c60</run_address>
         <size>0x100</size>
         <input_file_ref idref="fl-a7"/>
      </object_component>
      <object_component id="oc-15c">
         <name>.text:__div</name>
         <load_address>0x8d60</load_address>
         <run_address>0x8d60</run_address>
         <size>0x100</size>
         <input_file_ref idref="fl-a4"/>
      </object_component>
      <object_component id="oc-164">
         <name>.text:__divli</name>
         <load_address>0x8e60</load_address>
         <run_address>0x8e60</run_address>
         <size>0x100</size>
         <input_file_ref idref="fl-b1"/>
      </object_component>
      <object_component id="oc-150">
         <name>.text:__pconv_f</name>
         <load_address>0x8f60</load_address>
         <run_address>0x8f60</run_address>
         <size>0x100</size>
         <input_file_ref idref="fl-a4"/>
      </object_component>
      <object_component id="oc-155">
         <name>.text:_lseek</name>
         <load_address>0x9060</load_address>
         <run_address>0x9060</run_address>
         <size>0x100</size>
         <input_file_ref idref="fl-95"/>
      </object_component>
      <object_component id="oc-141">
         <name>.text:_write</name>
         <load_address>0x9160</load_address>
         <run_address>0x9160</run_address>
         <size>0x100</size>
         <input_file_ref idref="fl-95"/>
      </object_component>
      <object_component id="oc-131">
         <name>.text:__cleanup</name>
         <load_address>0x9260</load_address>
         <run_address>0x9260</run_address>
         <size>0xe0</size>
         <input_file_ref idref="fl-8f"/>
      </object_component>
      <object_component id="oc-139">
         <name>.text:__doflush</name>
         <load_address>0x9340</load_address>
         <run_address>0x9340</run_address>
         <size>0xe0</size>
         <input_file_ref idref="fl-8c"/>
      </object_component>
      <object_component id="oc-158">
         <name>.text:__ecpy</name>
         <load_address>0x9420</load_address>
         <run_address>0x9420</run_address>
         <size>0xe0</size>
         <input_file_ref idref="fl-a4"/>
      </object_component>
      <object_component id="oc-15b">
         <name>.text:__fcpy</name>
         <load_address>0x9500</load_address>
         <run_address>0x9500</run_address>
         <size>0xe0</size>
         <input_file_ref idref="fl-a4"/>
      </object_component>
      <object_component id="oc-106">
         <name>.text:__strasg</name>
         <load_address>0x95e0</load_address>
         <run_address>0x95e0</run_address>
         <size>0xe0</size>
         <input_file_ref idref="fl-9e"/>
      </object_component>
      <object_component id="oc-fd">
         <name>.text:_exit</name>
         <load_address>0x96c0</load_address>
         <run_address>0x96c0</run_address>
         <size>0xe0</size>
         <input_file_ref idref="fl-8a"/>
      </object_component>
      <object_component id="oc-147">
         <name>.text:_minsert</name>
         <load_address>0x97a0</load_address>
         <run_address>0x97a0</run_address>
         <size>0xe0</size>
         <input_file_ref idref="fl-97"/>
      </object_component>
      <object_component id="oc-146">
         <name>.text:_mremove</name>
         <load_address>0x9880</load_address>
         <run_address>0x9880</run_address>
         <size>0xe0</size>
         <input_file_ref idref="fl-97"/>
      </object_component>
      <object_component id="oc-160">
         <name>.text:__divu</name>
         <load_address>0x9960</load_address>
         <run_address>0x9960</run_address>
         <size>0xc0</size>
         <input_file_ref idref="fl-ac"/>
      </object_component>
      <object_component id="oc-11b">
         <name>.text:__fixdi</name>
         <load_address>0x9a20</load_address>
         <run_address>0x9a20</run_address>
         <size>0xc0</size>
         <input_file_ref idref="fl-8d"/>
      </object_component>
      <object_component id="oc-111">
         <name>.text:_copy_in</name>
         <load_address>0x9ae0</load_address>
         <run_address>0x9ae0</run_address>
         <size>0xc0</size>
         <input_file_ref idref="fl-a9"/>
      </object_component>
      <object_component id="oc-149">
         <name>.text:_finddevice</name>
         <load_address>0x9ba0</load_address>
         <run_address>0x9ba0</run_address>
         <size>0xc0</size>
         <input_file_ref idref="fl-95"/>
      </object_component>
      <object_component id="oc-38">
         <name>.text</name>
         <load_address>0x9c60</load_address>
         <run_address>0x9c60</run_address>
         <size>0xc0</size>
         <input_file_ref idref="fl-c"/>
      </object_component>
      <object_component id="oc-15d">
         <name>.text:__fixdli</name>
         <load_address>0x9d20</load_address>
         <run_address>0x9d20</run_address>
         <size>0xa0</size>
         <input_file_ref idref="fl-ae"/>
      </object_component>
      <object_component id="oc-13d">
         <name>.text:__mpyll</name>
         <load_address>0x9dc0</load_address>
         <run_address>0x9dc0</run_address>
         <size>0xa0</size>
         <input_file_ref idref="fl-9b"/>
      </object_component>
      <object_component id="oc-163">
         <name>.text:__remli</name>
         <load_address>0x9e60</load_address>
         <run_address>0x9e60</run_address>
         <size>0xa0</size>
         <input_file_ref idref="fl-b1"/>
      </object_component>
      <object_component id="oc-116">
         <name>.text:_fopen</name>
         <load_address>0x9f00</load_address>
         <run_address>0x9f00</run_address>
         <size>0xa0</size>
         <input_file_ref idref="fl-8f"/>
      </object_component>
      <object_component id="oc-126">
         <name>.text:_readmsg</name>
         <load_address>0x9fa0</load_address>
         <run_address>0x9fa0</run_address>
         <size>0xa0</size>
         <input_file_ref idref="fl-a1"/>
      </object_component>
      <object_component id="oc-12f">
         <name>.text:_setMux</name>
         <load_address>0xa040</load_address>
         <run_address>0xa040</run_address>
         <size>0xa0</size>
         <input_file_ref idref="fl-b9"/>
      </object_component>
      <object_component id="oc-13e">
         <name>.text:_tabinit</name>
         <load_address>0xa0e0</load_address>
         <run_address>0xa0e0</run_address>
         <size>0xa0</size>
         <input_file_ref idref="fl-95"/>
      </object_component>
      <object_component id="oc-148">
         <name>.text:_unlink</name>
         <load_address>0xa180</load_address>
         <run_address>0xa180</run_address>
         <size>0xa0</size>
         <input_file_ref idref="fl-95"/>
      </object_component>
      <object_component id="oc-125">
         <name>.text:_writemsg</name>
         <load_address>0xa220</load_address>
         <run_address>0xa220</run_address>
         <size>0xa0</size>
         <input_file_ref idref="fl-a1"/>
      </object_component>
      <object_component id="oc-113">
         <name>.text:___TI_cpp_init</name>
         <load_address>0xa2c0</load_address>
         <run_address>0xa2c0</run_address>
         <size>0x80</size>
         <input_file_ref idref="fl-a8"/>
      </object_component>
      <object_component id="oc-15f">
         <name>.text:__fltlid</name>
         <load_address>0xa340</load_address>
         <run_address>0xa340</run_address>
         <size>0x80</size>
         <input_file_ref idref="fl-af"/>
      </object_component>
      <object_component id="oc-165">
         <name>.text:__llshl</name>
         <load_address>0xa3c0</load_address>
         <run_address>0xa3c0</run_address>
         <size>0x80</size>
         <input_file_ref idref="fl-94"/>
      </object_component>
      <object_component id="oc-17">
         <name>.text:_c_int00</name>
         <load_address>0xa440</load_address>
         <run_address>0xa440</run_address>
         <size>0x80</size>
         <input_file_ref idref="fl-86"/>
      </object_component>
      <object_component id="oc-118">
         <name>.text:_fclose</name>
         <load_address>0xa4c0</load_address>
         <run_address>0xa4c0</run_address>
         <size>0x80</size>
         <input_file_ref idref="fl-8b"/>
      </object_component>
      <object_component id="oc-145">
         <name>.text:_memccpy</name>
         <load_address>0xa540</load_address>
         <run_address>0xa540</run_address>
         <size>0x80</size>
         <input_file_ref idref="fl-b5"/>
      </object_component>
      <object_component id="oc-119">
         <name>.text:__fltid</name>
         <load_address>0xa5c0</load_address>
         <run_address>0xa5c0</run_address>
         <size>0x60</size>
         <input_file_ref idref="fl-8e"/>
      </object_component>
      <object_component id="oc-12d">
         <name>.text:__llshru</name>
         <load_address>0xa620</load_address>
         <run_address>0xa620</run_address>
         <size>0x60</size>
         <input_file_ref idref="fl-94"/>
      </object_component>
      <object_component id="oc-166">
         <name>.text:__subcull</name>
         <load_address>0xa680</load_address>
         <run_address>0xa680</run_address>
         <size>0x60</size>
         <input_file_ref idref="fl-b2"/>
      </object_component>
      <object_component id="oc-123">
         <name>.text:_IRQ_enable</name>
         <load_address>0xa6e0</load_address>
         <run_address>0xa6e0</run_address>
         <size>0x40</size>
         <input_file_ref idref="fl-b9"/>
      </object_component>
      <object_component id="oc-120">
         <name>.text:_IRQ_reset</name>
         <load_address>0xa720</load_address>
         <run_address>0xa720</run_address>
         <size>0x40</size>
         <input_file_ref idref="fl-b9"/>
      </object_component>
      <object_component id="oc-14d">
         <name>.text:___isnan</name>
         <load_address>0xa760</load_address>
         <run_address>0xa760</run_address>
         <size>0x40</size>
         <input_file_ref idref="fl-a4"/>
      </object_component>
      <object_component id="oc-fc">
         <name>.text:__args_main</name>
         <load_address>0xa7a0</load_address>
         <run_address>0xa7a0</run_address>
         <size>0x40</size>
         <input_file_ref idref="fl-a5"/>
      </object_component>
      <object_component id="oc-18">
         <name>.text</name>
         <load_address>0xa7e0</load_address>
         <run_address>0xa7e0</run_address>
         <size>0x20</size>
         <input_file_ref idref="fl-2"/>
      </object_component>
      <object_component id="oc-11c">
         <name>.text:_IRQ_globalDisable</name>
         <load_address>0xa800</load_address>
         <run_address>0xa800</run_address>
         <size>0x20</size>
         <input_file_ref idref="fl-b9"/>
      </object_component>
      <object_component id="oc-121">
         <name>.text:_IRQ_globalEnable</name>
         <load_address>0xa820</load_address>
         <run_address>0xa820</run_address>
         <size>0x20</size>
         <input_file_ref idref="fl-b9"/>
      </object_component>
      <object_component id="oc-122">
         <name>.text:_IRQ_nmiEnable</name>
         <load_address>0xa840</load_address>
         <run_address>0xa840</run_address>
         <size>0x20</size>
         <input_file_ref idref="fl-b9"/>
      </object_component>
      <object_component id="oc-11e">
         <name>.text:_IRQ_setVecs</name>
         <load_address>0xa860</load_address>
         <run_address>0xa860</run_address>
         <size>0x20</size>
         <input_file_ref idref="fl-b9"/>
      </object_component>
      <object_component id="oc-11d">
         <name>.text:_MCBSP_getXmtEventId</name>
         <load_address>0xa880</load_address>
         <run_address>0xa880</run_address>
         <size>0x20</size>
         <input_file_ref idref="fl-ba"/>
      </object_component>
      <object_component id="oc-105">
         <name>.text:_MCBSP_write</name>
         <load_address>0xa8a0</load_address>
         <run_address>0xa8a0</run_address>
         <size>0x20</size>
         <input_file_ref idref="fl-ba"/>
      </object_component>
      <object_component id="oc-ff">
         <name>.text:__addf</name>
         <load_address>0xa8c0</load_address>
         <run_address>0xa8c0</run_address>
         <size>0x20</size>
         <input_file_ref idref="fl-85"/>
      </object_component>
      <object_component id="oc-103">
         <name>.text:__cmpd</name>
         <load_address>0xa8e0</load_address>
         <run_address>0xa8e0</run_address>
         <size>0x20</size>
         <input_file_ref idref="fl-87"/>
      </object_component>
      <object_component id="oc-100">
         <name>.text:__cvtfd</name>
         <load_address>0xa900</load_address>
         <run_address>0xa900</run_address>
         <size>0x20</size>
         <input_file_ref idref="fl-88"/>
      </object_component>
      <object_component id="oc-102">
         <name>.text:__mpyd</name>
         <load_address>0xa920</load_address>
         <run_address>0xa920</run_address>
         <size>0x20</size>
         <input_file_ref idref="fl-99"/>
      </object_component>
      <object_component id="oc-fe">
         <name>.text:__mpyf</name>
         <load_address>0xa940</load_address>
         <run_address>0xa940</run_address>
         <size>0x20</size>
         <input_file_ref idref="fl-9a"/>
      </object_component>
      <object_component id="oc-153">
         <name>.text:__negll</name>
         <load_address>0xa960</load_address>
         <run_address>0xa960</run_address>
         <size>0x20</size>
         <input_file_ref idref="fl-b6"/>
      </object_component>
      <object_component id="oc-110">
         <name>.text:__nop</name>
         <load_address>0xa980</load_address>
         <run_address>0xa980</run_address>
         <size>0x20</size>
         <input_file_ref idref="fl-a3"/>
      </object_component>
      <object_component id="oc-12a">
         <name>.text:__outc</name>
         <load_address>0xa9a0</load_address>
         <run_address>0xa9a0</run_address>
         <size>0x20</size>
         <input_file_ref idref="fl-90"/>
      </object_component>
      <object_component id="oc-129">
         <name>.text:__outs</name>
         <load_address>0xa9c0</load_address>
         <run_address>0xa9c0</run_address>
         <size>0x20</size>
         <input_file_ref idref="fl-90"/>
      </object_component>
      <object_component id="oc-115">
         <name>.text:__subf</name>
         <load_address>0xa9e0</load_address>
         <run_address>0xa9e0</run_address>
         <size>0x20</size>
         <input_file_ref idref="fl-9f"/>
      </object_component>
      <object_component id="oc-114">
         <name>.text:_abort</name>
         <load_address>0xaa00</load_address>
         <run_address>0xaa00</run_address>
         <size>0x20</size>
         <input_file_ref idref="fl-8a"/>
      </object_component>
      <object_component id="oc-13c">
         <name>.text:_remove</name>
         <load_address>0xaa20</load_address>
         <run_address>0xaa20</run_address>
         <size>0x20</size>
         <input_file_ref idref="fl-9c"/>
      </object_component>
      <object_component id="oc-f0">
         <name>.text</name>
         <load_address>0xaa40</load_address>
         <run_address>0xaa40</run_address>
         <size>0x20</size>
         <input_file_ref idref="fl-b9"/>
      </object_component>
      <object_component id="oc-47">
         <name>.stack</name>
         <uninitialized>true</uninitialized>
         <run_address>0x1dd20</run_address>
         <size>0x8</size>
         <input_file_ref idref="fl-86"/>
      </object_component>
      <object_component id="oc-185">
         <name>.stack</name>
         <uninitialized>true</uninitialized>
         <run_address>0x1dd20</run_address>
         <size>0x0</size>
      </object_component>
      <object_component id="oc-a4">
         <name>.cio</name>
         <uninitialized>true</uninitialized>
         <run_address>0x1e714</run_address>
         <size>0x120</size>
         <input_file_ref idref="fl-a1"/>
      </object_component>
      <object_component id="oc-14c">
         <name>.const:.string:__ctypes_</name>
         <load_address>0x1e520</load_address>
         <run_address>0x1e520</run_address>
         <size>0x101</size>
         <input_file_ref idref="fl-aa"/>
      </object_component>
      <object_component id="oc-70">
         <name>.const:.string</name>
         <load_address>0x1e621</load_address>
         <run_address>0x1e621</run_address>
         <size>0x2</size>
         <input_file_ref idref="fl-92"/>
      </object_component>
      <object_component id="oc-2e">
         <name>.const</name>
         <load_address>0x1e624</load_address>
         <run_address>0x1e624</run_address>
         <size>0x40</size>
         <input_file_ref idref="fl-a"/>
      </object_component>
      <object_component id="oc-22">
         <name>.const:.string</name>
         <load_address>0x1e664</load_address>
         <run_address>0x1e664</run_address>
         <size>0x38</size>
         <input_file_ref idref="fl-3"/>
      </object_component>
      <object_component id="oc-1f">
         <name>.const</name>
         <load_address>0x1e6a0</load_address>
         <run_address>0x1e6a0</run_address>
         <size>0x30</size>
         <input_file_ref idref="fl-3"/>
      </object_component>
      <object_component id="oc-b0">
         <name>.const:.string</name>
         <load_address>0x1e6d0</load_address>
         <run_address>0x1e6d0</run_address>
         <size>0x23</size>
         <input_file_ref idref="fl-a4"/>
      </object_component>
      <object_component id="oc-28">
         <name>.const</name>
         <load_address>0x1e6f4</load_address>
         <run_address>0x1e6f4</run_address>
         <size>0x20</size>
         <input_file_ref idref="fl-9"/>
      </object_component>
      <object_component id="oc-84">
         <name>.sysmem</name>
         <uninitialized>true</uninitialized>
         <run_address>0x1e120</run_address>
         <size>0x8</size>
         <input_file_ref idref="fl-97"/>
      </object_component>
      <object_component id="oc-186">
         <name>.sysmem</name>
         <uninitialized>true</uninitialized>
         <run_address>0x1e120</run_address>
         <size>0x0</size>
      </object_component>
      <object_component id="oc-20">
         <name>.far</name>
         <uninitialized>true</uninitialized>
         <run_address>0xaa60</run_address>
         <size>0x9c78</size>
         <input_file_ref idref="fl-3"/>
      </object_component>
      <object_component id="oc-27">
         <name>.far</name>
         <uninitialized>true</uninitialized>
         <run_address>0x14cc0</run_address>
         <size>0x2</size>
         <input_file_ref idref="fl-9"/>
      </object_component>
      <object_component id="oc-2d">
         <name>.far</name>
         <uninitialized>true</uninitialized>
         <run_address>0x14c98</run_address>
         <size>0x8</size>
         <input_file_ref idref="fl-a"/>
      </object_component>
      <object_component id="oc-34">
         <name>.far</name>
         <uninitialized>true</uninitialized>
         <run_address>0x14c44</run_address>
         <size>0x28</size>
         <input_file_ref idref="fl-b"/>
      </object_component>
      <object_component id="oc-3a">
         <name>.far</name>
         <uninitialized>true</uninitialized>
         <run_address>0x14c6c</run_address>
         <size>0x20</size>
         <input_file_ref idref="fl-c"/>
      </object_component>
      <object_component id="oc-3f">
         <name>.far</name>
         <uninitialized>true</uninitialized>
         <run_address>0x14cc2</run_address>
         <size>0x2</size>
         <input_file_ref idref="fl-d"/>
      </object_component>
      <object_component id="oc-55">
         <name>.far</name>
         <uninitialized>true</uninitialized>
         <run_address>0x14c8c</run_address>
         <size>0xc</size>
         <input_file_ref idref="fl-8a"/>
      </object_component>
      <object_component id="oc-66">
         <name>.far</name>
         <uninitialized>true</uninitialized>
         <run_address>0x14cbc</run_address>
         <size>0x4</size>
         <input_file_ref idref="fl-8f"/>
      </object_component>
      <object_component id="oc-7b">
         <name>.far</name>
         <uninitialized>true</uninitialized>
         <run_address>0x149fc</run_address>
         <size>0x11c</size>
         <input_file_ref idref="fl-95"/>
      </object_component>
      <object_component id="oc-83">
         <name>.far</name>
         <uninitialized>true</uninitialized>
         <run_address>0x14ca8</run_address>
         <size>0x8</size>
         <input_file_ref idref="fl-97"/>
      </object_component>
      <object_component id="oc-a0">
         <name>.far</name>
         <uninitialized>true</uninitialized>
         <run_address>0x14cb0</run_address>
         <size>0x8</size>
         <input_file_ref idref="fl-a0"/>
      </object_component>
      <object_component id="oc-ac">
         <name>.far</name>
         <uninitialized>true</uninitialized>
         <run_address>0x14ca0</run_address>
         <size>0x8</size>
         <input_file_ref idref="fl-a3"/>
      </object_component>
      <object_component id="oc-c6">
         <name>.far</name>
         <uninitialized>true</uninitialized>
         <run_address>0x146d8</run_address>
         <size>0x324</size>
         <input_file_ref idref="fl-ab"/>
      </object_component>
      <object_component id="oc-cd">
         <name>.far</name>
         <uninitialized>true</uninitialized>
         <run_address>0x14cb8</run_address>
         <size>0x4</size>
         <input_file_ref idref="fl-ad"/>
      </object_component>
      <object_component id="oc-f2">
         <name>.far</name>
         <uninitialized>true</uninitialized>
         <run_address>0x14b18</run_address>
         <size>0xf4</size>
         <input_file_ref idref="fl-b9"/>
      </object_component>
      <object_component id="oc-f7">
         <name>.far</name>
         <uninitialized>true</uninitialized>
         <run_address>0x14c0c</run_address>
         <size>0x38</size>
         <input_file_ref idref="fl-ba"/>
      </object_component>
      <object_component id="oc-1e">
         <name>.cinit</name>
         <load_address>0x14cc8</load_address>
         <run_address>0x14cc8</run_address>
         <size>0x8d10</size>
         <input_file_ref idref="fl-3"/>
      </object_component>
      <object_component id="oc-f1">
         <name>.cinit</name>
         <load_address>0x1d9d8</load_address>
         <run_address>0x1d9d8</run_address>
         <size>0x12c</size>
         <input_file_ref idref="fl-b9"/>
      </object_component>
      <object_component id="oc-c5">
         <name>.cinit</name>
         <load_address>0x1db08</load_address>
         <run_address>0x1db08</run_address>
         <size>0x5c</size>
         <input_file_ref idref="fl-ab"/>
      </object_component>
      <object_component id="oc-7a">
         <name>.cinit</name>
         <load_address>0x1db68</load_address>
         <run_address>0x1db68</run_address>
         <size>0x5c</size>
         <input_file_ref idref="fl-95"/>
      </object_component>
      <object_component id="oc-f6">
         <name>.cinit</name>
         <load_address>0x1dbc8</load_address>
         <run_address>0x1dbc8</run_address>
         <size>0x54</size>
         <input_file_ref idref="fl-ba"/>
      </object_component>
      <object_component id="oc-33">
         <name>.cinit</name>
         <load_address>0x1dc20</load_address>
         <run_address>0x1dc20</run_address>
         <size>0x30</size>
         <input_file_ref idref="fl-b"/>
      </object_component>
      <object_component id="oc-54">
         <name>.cinit</name>
         <load_address>0x1dc50</load_address>
         <run_address>0x1dc50</run_address>
         <size>0x2c</size>
         <input_file_ref idref="fl-8a"/>
      </object_component>
      <object_component id="oc-82">
         <name>.cinit</name>
         <load_address>0x1dc80</load_address>
         <run_address>0x1dc80</run_address>
         <size>0x2c</size>
         <input_file_ref idref="fl-97"/>
      </object_component>
      <object_component id="oc-39">
         <name>.cinit</name>
         <load_address>0x1dcb0</load_address>
         <run_address>0x1dcb0</run_address>
         <size>0x28</size>
         <input_file_ref idref="fl-c"/>
      </object_component>
      <object_component id="oc-ab">
         <name>.cinit</name>
         <load_address>0x1dcd8</load_address>
         <run_address>0x1dcd8</run_address>
         <size>0x1c</size>
         <input_file_ref idref="fl-a3"/>
      </object_component>
      <object_component id="oc-cc">
         <name>.cinit</name>
         <load_address>0x1dcf8</load_address>
         <run_address>0x1dcf8</run_address>
         <size>0xc</size>
         <input_file_ref idref="fl-ad"/>
      </object_component>
      <object_component id="oc-65">
         <name>.cinit</name>
         <load_address>0x1dd08</load_address>
         <run_address>0x1dd08</run_address>
         <size>0xc</size>
         <input_file_ref idref="fl-8f"/>
      </object_component>
      <object_component id="oc-1a">
         <name>.debug_info</name>
         <load_address>0x0</load_address>
         <run_address>0x0</run_address>
         <size>0xed</size>
         <input_file_ref idref="fl-2"/>
      </object_component>
      <object_component id="oc-1d">
         <name>.debug_info</name>
         <load_address>0xed</load_address>
         <run_address>0xed</run_address>
         <size>0x1854</size>
         <input_file_ref idref="fl-3"/>
      </object_component>
      <object_component id="oc-2a">
         <name>.debug_info</name>
         <load_address>0x1941</load_address>
         <run_address>0x1941</run_address>
         <size>0x8a7</size>
         <input_file_ref idref="fl-9"/>
      </object_component>
      <object_component id="oc-30">
         <name>.debug_info</name>
         <load_address>0x21e8</load_address>
         <run_address>0x21e8</run_address>
         <size>0x89f</size>
         <input_file_ref idref="fl-a"/>
      </object_component>
      <object_component id="oc-36">
         <name>.debug_info</name>
         <load_address>0x2a87</load_address>
         <run_address>0x2a87</run_address>
         <size>0x929</size>
         <input_file_ref idref="fl-b"/>
      </object_component>
      <object_component id="oc-3c">
         <name>.debug_info</name>
         <load_address>0x33b0</load_address>
         <run_address>0x33b0</run_address>
         <size>0x5b3</size>
         <input_file_ref idref="fl-c"/>
      </object_component>
      <object_component id="oc-41">
         <name>.debug_info</name>
         <load_address>0x3963</load_address>
         <run_address>0x3963</run_address>
         <size>0x60b</size>
         <input_file_ref idref="fl-d"/>
      </object_component>
      <object_component id="oc-43">
         <name>.debug_info</name>
         <load_address>0x3f6e</load_address>
         <run_address>0x3f6e</run_address>
         <size>0x633</size>
         <input_file_ref idref="fl-85"/>
      </object_component>
      <object_component id="oc-46">
         <name>.debug_info</name>
         <load_address>0x45a1</load_address>
         <run_address>0x45a1</run_address>
         <size>0x707</size>
         <input_file_ref idref="fl-86"/>
      </object_component>
      <object_component id="oc-4a">
         <name>.debug_info</name>
         <load_address>0x4ca8</load_address>
         <run_address>0x4ca8</run_address>
         <size>0x633</size>
         <input_file_ref idref="fl-87"/>
      </object_component>
      <object_component id="oc-4d">
         <name>.debug_info</name>
         <load_address>0x52db</load_address>
         <run_address>0x52db</run_address>
         <size>0x61e</size>
         <input_file_ref idref="fl-88"/>
      </object_component>
      <object_component id="oc-50">
         <name>.debug_info</name>
         <load_address>0x58f9</load_address>
         <run_address>0x58f9</run_address>
         <size>0x97e</size>
         <input_file_ref idref="fl-89"/>
      </object_component>
      <object_component id="oc-53">
         <name>.debug_info</name>
         <load_address>0x6277</load_address>
         <run_address>0x6277</run_address>
         <size>0x7f5</size>
         <input_file_ref idref="fl-8a"/>
      </object_component>
      <object_component id="oc-58">
         <name>.debug_info</name>
         <load_address>0x6a6c</load_address>
         <run_address>0x6a6c</run_address>
         <size>0x87c</size>
         <input_file_ref idref="fl-8b"/>
      </object_component>
      <object_component id="oc-5b">
         <name>.debug_info</name>
         <load_address>0x72e8</load_address>
         <run_address>0x72e8</run_address>
         <size>0x77d</size>
         <input_file_ref idref="fl-8c"/>
      </object_component>
      <object_component id="oc-5e">
         <name>.debug_info</name>
         <load_address>0x7a65</load_address>
         <run_address>0x7a65</run_address>
         <size>0x690</size>
         <input_file_ref idref="fl-8d"/>
      </object_component>
      <object_component id="oc-61">
         <name>.debug_info</name>
         <load_address>0x80f5</load_address>
         <run_address>0x80f5</run_address>
         <size>0x6a3</size>
         <input_file_ref idref="fl-8e"/>
      </object_component>
      <object_component id="oc-64">
         <name>.debug_info</name>
         <load_address>0x8798</load_address>
         <run_address>0x8798</run_address>
         <size>0xae3</size>
         <input_file_ref idref="fl-8f"/>
      </object_component>
      <object_component id="oc-69">
         <name>.debug_info</name>
         <load_address>0x927b</load_address>
         <run_address>0x927b</run_address>
         <size>0x8f4</size>
         <input_file_ref idref="fl-90"/>
      </object_component>
      <object_component id="oc-6c">
         <name>.debug_info</name>
         <load_address>0x9b6f</load_address>
         <run_address>0x9b6f</run_address>
         <size>0x826</size>
         <input_file_ref idref="fl-91"/>
      </object_component>
      <object_component id="oc-6f">
         <name>.debug_info</name>
         <load_address>0xa395</load_address>
         <run_address>0xa395</run_address>
         <size>0xb65</size>
         <input_file_ref idref="fl-92"/>
      </object_component>
      <object_component id="oc-73">
         <name>.debug_info</name>
         <load_address>0xaefa</load_address>
         <run_address>0xaefa</run_address>
         <size>0x6a0</size>
         <input_file_ref idref="fl-93"/>
      </object_component>
      <object_component id="oc-76">
         <name>.debug_info</name>
         <load_address>0xb59a</load_address>
         <run_address>0xb59a</run_address>
         <size>0x6fd</size>
         <input_file_ref idref="fl-94"/>
      </object_component>
      <object_component id="oc-79">
         <name>.debug_info</name>
         <load_address>0xbc97</load_address>
         <run_address>0xbc97</run_address>
         <size>0x111c</size>
         <input_file_ref idref="fl-95"/>
      </object_component>
      <object_component id="oc-7e">
         <name>.debug_info</name>
         <load_address>0xcdb3</load_address>
         <run_address>0xcdb3</run_address>
         <size>0x782</size>
         <input_file_ref idref="fl-96"/>
      </object_component>
      <object_component id="oc-81">
         <name>.debug_info</name>
         <load_address>0xd535</load_address>
         <run_address>0xd535</run_address>
         <size>0xb24</size>
         <input_file_ref idref="fl-97"/>
      </object_component>
      <object_component id="oc-87">
         <name>.debug_info</name>
         <load_address>0xe059</load_address>
         <run_address>0xe059</run_address>
         <size>0x726</size>
         <input_file_ref idref="fl-98"/>
      </object_component>
      <object_component id="oc-8a">
         <name>.debug_info</name>
         <load_address>0xe77f</load_address>
         <run_address>0xe77f</run_address>
         <size>0x633</size>
         <input_file_ref idref="fl-99"/>
      </object_component>
      <object_component id="oc-8d">
         <name>.debug_info</name>
         <load_address>0xedb2</load_address>
         <run_address>0xedb2</run_address>
         <size>0x633</size>
         <input_file_ref idref="fl-9a"/>
      </object_component>
      <object_component id="oc-90">
         <name>.debug_info</name>
         <load_address>0xf3e5</load_address>
         <run_address>0xf3e5</run_address>
         <size>0x6b3</size>
         <input_file_ref idref="fl-9b"/>
      </object_component>
      <object_component id="oc-93">
         <name>.debug_info</name>
         <load_address>0xfa98</load_address>
         <run_address>0xfa98</run_address>
         <size>0x660</size>
         <input_file_ref idref="fl-9c"/>
      </object_component>
      <object_component id="oc-96">
         <name>.debug_info</name>
         <load_address>0x100f8</load_address>
         <run_address>0x100f8</run_address>
         <size>0x885</size>
         <input_file_ref idref="fl-9d"/>
      </object_component>
      <object_component id="oc-99">
         <name>.debug_info</name>
         <load_address>0x1097d</load_address>
         <run_address>0x1097d</run_address>
         <size>0xd4</size>
         <input_file_ref idref="fl-9e"/>
      </object_component>
      <object_component id="oc-9c">
         <name>.debug_info</name>
         <load_address>0x10a51</load_address>
         <run_address>0x10a51</run_address>
         <size>0x633</size>
         <input_file_ref idref="fl-9f"/>
      </object_component>
      <object_component id="oc-9f">
         <name>.debug_info</name>
         <load_address>0x11084</load_address>
         <run_address>0x11084</run_address>
         <size>0xec8</size>
         <input_file_ref idref="fl-a0"/>
      </object_component>
      <object_component id="oc-a3">
         <name>.debug_info</name>
         <load_address>0x11f4c</load_address>
         <run_address>0x11f4c</run_address>
         <size>0x8b5</size>
         <input_file_ref idref="fl-a1"/>
      </object_component>
      <object_component id="oc-a7">
         <name>.debug_info</name>
         <load_address>0x12801</load_address>
         <run_address>0x12801</run_address>
         <size>0x756</size>
         <input_file_ref idref="fl-a2"/>
      </object_component>
      <object_component id="oc-aa">
         <name>.debug_info</name>
         <load_address>0x12f57</load_address>
         <run_address>0x12f57</run_address>
         <size>0x648</size>
         <input_file_ref idref="fl-a3"/>
      </object_component>
      <object_component id="oc-af">
         <name>.debug_info</name>
         <load_address>0x1359f</load_address>
         <run_address>0x1359f</run_address>
         <size>0x2abc</size>
         <input_file_ref idref="fl-a4"/>
      </object_component>
      <object_component id="oc-b3">
         <name>.debug_info</name>
         <load_address>0x1605b</load_address>
         <run_address>0x1605b</run_address>
         <size>0x6dd</size>
         <input_file_ref idref="fl-a5"/>
      </object_component>
      <object_component id="oc-b6">
         <name>.debug_info</name>
         <load_address>0x16738</load_address>
         <run_address>0x16738</run_address>
         <size>0x712</size>
         <input_file_ref idref="fl-a6"/>
      </object_component>
      <object_component id="oc-b9">
         <name>.debug_info</name>
         <load_address>0x16e4a</load_address>
         <run_address>0x16e4a</run_address>
         <size>0x867</size>
         <input_file_ref idref="fl-a7"/>
      </object_component>
      <object_component id="oc-bc">
         <name>.debug_info</name>
         <load_address>0x176b1</load_address>
         <run_address>0x176b1</run_address>
         <size>0x6df</size>
         <input_file_ref idref="fl-a8"/>
      </object_component>
      <object_component id="oc-bf">
         <name>.debug_info</name>
         <load_address>0x17d90</load_address>
         <run_address>0x17d90</run_address>
         <size>0x7d5</size>
         <input_file_ref idref="fl-a9"/>
      </object_component>
      <object_component id="oc-c2">
         <name>.debug_info</name>
         <load_address>0x18565</load_address>
         <run_address>0x18565</run_address>
         <size>0x5f6</size>
         <input_file_ref idref="fl-aa"/>
      </object_component>
      <object_component id="oc-c4">
         <name>.debug_info</name>
         <load_address>0x18b5b</load_address>
         <run_address>0x18b5b</run_address>
         <size>0x6e3</size>
         <input_file_ref idref="fl-ab"/>
      </object_component>
      <object_component id="oc-c8">
         <name>.debug_info</name>
         <load_address>0x1923e</load_address>
         <run_address>0x1923e</run_address>
         <size>0xce</size>
         <input_file_ref idref="fl-ac"/>
      </object_component>
      <object_component id="oc-cb">
         <name>.debug_info</name>
         <load_address>0x1930c</load_address>
         <run_address>0x1930c</run_address>
         <size>0x5de</size>
         <input_file_ref idref="fl-ad"/>
      </object_component>
      <object_component id="oc-cf">
         <name>.debug_info</name>
         <load_address>0x198ea</load_address>
         <run_address>0x198ea</run_address>
         <size>0x68d</size>
         <input_file_ref idref="fl-ae"/>
      </object_component>
      <object_component id="oc-d2">
         <name>.debug_info</name>
         <load_address>0x19f77</load_address>
         <run_address>0x19f77</run_address>
         <size>0x6a6</size>
         <input_file_ref idref="fl-af"/>
      </object_component>
      <object_component id="oc-d5">
         <name>.debug_info</name>
         <load_address>0x1a61d</load_address>
         <run_address>0x1a61d</run_address>
         <size>0x7b5</size>
         <input_file_ref idref="fl-b0"/>
      </object_component>
      <object_component id="oc-d8">
         <name>.debug_info</name>
         <load_address>0x1add2</load_address>
         <run_address>0x1add2</run_address>
         <size>0x7b3</size>
         <input_file_ref idref="fl-b1"/>
      </object_component>
      <object_component id="oc-db">
         <name>.debug_info</name>
         <load_address>0x1b585</load_address>
         <run_address>0x1b585</run_address>
         <size>0x7ae</size>
         <input_file_ref idref="fl-b2"/>
      </object_component>
      <object_component id="oc-de">
         <name>.debug_info</name>
         <load_address>0x1bd33</load_address>
         <run_address>0x1bd33</run_address>
         <size>0x812</size>
         <input_file_ref idref="fl-b3"/>
      </object_component>
      <object_component id="oc-e1">
         <name>.debug_info</name>
         <load_address>0x1c545</load_address>
         <run_address>0x1c545</run_address>
         <size>0x73e</size>
         <input_file_ref idref="fl-b4"/>
      </object_component>
      <object_component id="oc-e4">
         <name>.debug_info</name>
         <load_address>0x1cc83</load_address>
         <run_address>0x1cc83</run_address>
         <size>0x6e2</size>
         <input_file_ref idref="fl-b5"/>
      </object_component>
      <object_component id="oc-e7">
         <name>.debug_info</name>
         <load_address>0x1d365</load_address>
         <run_address>0x1d365</run_address>
         <size>0x614</size>
         <input_file_ref idref="fl-b6"/>
      </object_component>
      <object_component id="oc-ea">
         <name>.debug_info</name>
         <load_address>0x1d979</load_address>
         <run_address>0x1d979</run_address>
         <size>0x808</size>
         <input_file_ref idref="fl-b7"/>
      </object_component>
      <object_component id="oc-ed">
         <name>.debug_info</name>
         <load_address>0x1e181</load_address>
         <run_address>0x1e181</run_address>
         <size>0x5c8</size>
         <input_file_ref idref="fl-b8"/>
      </object_component>
      <object_component id="oc-f4">
         <name>.debug_info</name>
         <load_address>0x1e749</load_address>
         <run_address>0x1e749</run_address>
         <size>0xd61</size>
         <input_file_ref idref="fl-b9"/>
      </object_component>
      <object_component id="oc-f9">
         <name>.debug_info</name>
         <load_address>0x1f4aa</load_address>
         <run_address>0x1f4aa</run_address>
         <size>0xc27</size>
         <input_file_ref idref="fl-ba"/>
      </object_component>
      <object_component id="oc-187">
         <name>.debug_info</name>
         <load_address>0x200d1</load_address>
         <run_address>0x200d1</run_address>
         <size>0x6d</size>
      </object_component>
      <object_component id="oc-1b">
         <name>.debug_line</name>
         <load_address>0x0</load_address>
         <run_address>0x0</run_address>
         <size>0xcd</size>
         <input_file_ref idref="fl-2"/>
      </object_component>
      <object_component id="oc-24">
         <name>.debug_line</name>
         <load_address>0xcd</load_address>
         <run_address>0xcd</run_address>
         <size>0x15d</size>
         <input_file_ref idref="fl-3"/>
      </object_component>
      <object_component id="oc-2b">
         <name>.debug_line</name>
         <load_address>0x22a</load_address>
         <run_address>0x22a</run_address>
         <size>0xb2</size>
         <input_file_ref idref="fl-9"/>
      </object_component>
      <object_component id="oc-31">
         <name>.debug_line</name>
         <load_address>0x2dc</load_address>
         <run_address>0x2dc</run_address>
         <size>0x4f</size>
         <input_file_ref idref="fl-a"/>
      </object_component>
      <object_component id="oc-37">
         <name>.debug_line</name>
         <load_address>0x32b</load_address>
         <run_address>0x32b</run_address>
         <size>0x7e</size>
         <input_file_ref idref="fl-b"/>
      </object_component>
      <object_component id="oc-3d">
         <name>.debug_line</name>
         <load_address>0x3a9</load_address>
         <run_address>0x3a9</run_address>
         <size>0x52</size>
         <input_file_ref idref="fl-c"/>
      </object_component>
      <object_component id="oc-42">
         <name>.debug_line</name>
         <load_address>0x3fb</load_address>
         <run_address>0x3fb</run_address>
         <size>0x7b</size>
         <input_file_ref idref="fl-d"/>
      </object_component>
      <object_component id="oc-44">
         <name>.debug_line</name>
         <load_address>0x476</load_address>
         <run_address>0x476</run_address>
         <size>0x35</size>
         <input_file_ref idref="fl-85"/>
      </object_component>
      <object_component id="oc-48">
         <name>.debug_line</name>
         <load_address>0x4ab</load_address>
         <run_address>0x4ab</run_address>
         <size>0x3d</size>
         <input_file_ref idref="fl-86"/>
      </object_component>
      <object_component id="oc-4b">
         <name>.debug_line</name>
         <load_address>0x4e8</load_address>
         <run_address>0x4e8</run_address>
         <size>0x37</size>
         <input_file_ref idref="fl-87"/>
      </object_component>
      <object_component id="oc-4e">
         <name>.debug_line</name>
         <load_address>0x51f</load_address>
         <run_address>0x51f</run_address>
         <size>0x36</size>
         <input_file_ref idref="fl-88"/>
      </object_component>
      <object_component id="oc-51">
         <name>.debug_line</name>
         <load_address>0x555</load_address>
         <run_address>0x555</run_address>
         <size>0x3c</size>
         <input_file_ref idref="fl-89"/>
      </object_component>
      <object_component id="oc-56">
         <name>.debug_line</name>
         <load_address>0x591</load_address>
         <run_address>0x591</run_address>
         <size>0x4f</size>
         <input_file_ref idref="fl-8a"/>
      </object_component>
      <object_component id="oc-59">
         <name>.debug_line</name>
         <load_address>0x5e0</load_address>
         <run_address>0x5e0</run_address>
         <size>0x53</size>
         <input_file_ref idref="fl-8b"/>
      </object_component>
      <object_component id="oc-5c">
         <name>.debug_line</name>
         <load_address>0x633</load_address>
         <run_address>0x633</run_address>
         <size>0x3e</size>
         <input_file_ref idref="fl-8c"/>
      </object_component>
      <object_component id="oc-5f">
         <name>.debug_line</name>
         <load_address>0x671</load_address>
         <run_address>0x671</run_address>
         <size>0x3d</size>
         <input_file_ref idref="fl-8d"/>
      </object_component>
      <object_component id="oc-62">
         <name>.debug_line</name>
         <load_address>0x6ae</load_address>
         <run_address>0x6ae</run_address>
         <size>0x3d</size>
         <input_file_ref idref="fl-8e"/>
      </object_component>
      <object_component id="oc-67">
         <name>.debug_line</name>
         <load_address>0x6eb</load_address>
         <run_address>0x6eb</run_address>
         <size>0x92</size>
         <input_file_ref idref="fl-8f"/>
      </object_component>
      <object_component id="oc-6a">
         <name>.debug_line</name>
         <load_address>0x77d</load_address>
         <run_address>0x77d</run_address>
         <size>0x6b</size>
         <input_file_ref idref="fl-90"/>
      </object_component>
      <object_component id="oc-6d">
         <name>.debug_line</name>
         <load_address>0x7e8</load_address>
         <run_address>0x7e8</run_address>
         <size>0x3f</size>
         <input_file_ref idref="fl-91"/>
      </object_component>
      <object_component id="oc-71">
         <name>.debug_line</name>
         <load_address>0x827</load_address>
         <run_address>0x827</run_address>
         <size>0xa6</size>
         <input_file_ref idref="fl-92"/>
      </object_component>
      <object_component id="oc-74">
         <name>.debug_line</name>
         <load_address>0x8cd</load_address>
         <run_address>0x8cd</run_address>
         <size>0x3e</size>
         <input_file_ref idref="fl-93"/>
      </object_component>
      <object_component id="oc-77">
         <name>.debug_line</name>
         <load_address>0x90b</load_address>
         <run_address>0x90b</run_address>
         <size>0x56</size>
         <input_file_ref idref="fl-94"/>
      </object_component>
      <object_component id="oc-7c">
         <name>.debug_line</name>
         <load_address>0x961</load_address>
         <run_address>0x961</run_address>
         <size>0x143</size>
         <input_file_ref idref="fl-95"/>
      </object_component>
      <object_component id="oc-7f">
         <name>.debug_line</name>
         <load_address>0xaa4</load_address>
         <run_address>0xaa4</run_address>
         <size>0x4e</size>
         <input_file_ref idref="fl-96"/>
      </object_component>
      <object_component id="oc-85">
         <name>.debug_line</name>
         <load_address>0xaf2</load_address>
         <run_address>0xaf2</run_address>
         <size>0xa7</size>
         <input_file_ref idref="fl-97"/>
      </object_component>
      <object_component id="oc-88">
         <name>.debug_line</name>
         <load_address>0xb99</load_address>
         <run_address>0xb99</run_address>
         <size>0x47</size>
         <input_file_ref idref="fl-98"/>
      </object_component>
      <object_component id="oc-8b">
         <name>.debug_line</name>
         <load_address>0xbe0</load_address>
         <run_address>0xbe0</run_address>
         <size>0x35</size>
         <input_file_ref idref="fl-99"/>
      </object_component>
      <object_component id="oc-8e">
         <name>.debug_line</name>
         <load_address>0xc15</load_address>
         <run_address>0xc15</run_address>
         <size>0x35</size>
         <input_file_ref idref="fl-9a"/>
      </object_component>
      <object_component id="oc-91">
         <name>.debug_line</name>
         <load_address>0xc4a</load_address>
         <run_address>0xc4a</run_address>
         <size>0x3d</size>
         <input_file_ref idref="fl-9b"/>
      </object_component>
      <object_component id="oc-94">
         <name>.debug_line</name>
         <load_address>0xc87</load_address>
         <run_address>0xc87</run_address>
         <size>0x39</size>
         <input_file_ref idref="fl-9c"/>
      </object_component>
      <object_component id="oc-97">
         <name>.debug_line</name>
         <load_address>0xcc0</load_address>
         <run_address>0xcc0</run_address>
         <size>0x7c</size>
         <input_file_ref idref="fl-9d"/>
      </object_component>
      <object_component id="oc-9a">
         <name>.debug_line</name>
         <load_address>0xd3c</load_address>
         <run_address>0xd3c</run_address>
         <size>0x48</size>
         <input_file_ref idref="fl-9e"/>
      </object_component>
      <object_component id="oc-9d">
         <name>.debug_line</name>
         <load_address>0xd84</load_address>
         <run_address>0xd84</run_address>
         <size>0x35</size>
         <input_file_ref idref="fl-9f"/>
      </object_component>
      <object_component id="oc-a1">
         <name>.debug_line</name>
         <load_address>0xdb9</load_address>
         <run_address>0xdb9</run_address>
         <size>0x136</size>
         <input_file_ref idref="fl-a0"/>
      </object_component>
      <object_component id="oc-a5">
         <name>.debug_line</name>
         <load_address>0xeef</load_address>
         <run_address>0xeef</run_address>
         <size>0x64</size>
         <input_file_ref idref="fl-a1"/>
      </object_component>
      <object_component id="oc-a8">
[...]
         <value>0x544</value>
         <object_component_ref idref="oc-104"/>
      </symbol>
      <symbol id="sm-d7">
         <name>_convert_double_to_short_for_output</name>
         <value>0x478</value>
         <object_component_ref idref="oc-104"/>
      </symbol>
      <symbol id="sm-d8">
         <name>_sig_img</name>
         <value>0xb230</value>
         <object_component_ref idref="oc-20"/>
      </symbol>
      <symbol id="sm-d9">
         <name>_save_results</name>
         <value>0x288</value>
         <object_component_ref idref="oc-104"/>
      </symbol>
      <symbol id="sm-e7">
         <name>_DSK6713_init</name>
         <value>0x256c</value>
         <object_component_ref idref="oc-26"/>
      </symbol>
      <symbol id="sm-e8">
         <name>_DSK6713_version</name>
         <value>0x14cc0</value>
         <object_component_ref idref="oc-27"/>
      </symbol>
      <symbol id="sm-e9">
         <name>_DSK6713_rget</name>
         <value>0x2888</value>
         <object_component_ref idref="oc-26"/>
      </symbol>
      <symbol id="sm-ea">
         <name>_DSK6713_wait</name>
         <value>0x28b0</value>
         <object_component_ref idref="oc-26"/>
      </symbol>
      <symbol id="sm-eb">
         <name>_DSK6713_rset</name>
         <value>0x289c</value>
         <object_component_ref idref="oc-26"/>
      </symbol>
      <symbol id="sm-ec">
         <name>_DSK6713_waitusec</name>
         <value>0x2908</value>
         <object_component_ref idref="oc-26"/>
      </symbol>
      <symbol id="sm-ed">
         <name>_DSK6713_getVersion</name>
         <value>0x2934</value>
         <object_component_ref idref="oc-26"/>
      </symbol>
      <symbol id="sm-fb">
         <name>_DSK6713_AIC23_codeccontrolhandle</name>
         <value>0x14c98</value>
         <object_component_ref idref="oc-2d"/>
      </symbol>
      <symbol id="sm-fc">
         <name>_DSK6713_AIC23_codecdatahandle</name>
         <value>0x14c9c</value>
         <object_component_ref idref="oc-2d"/>
      </symbol>
      <symbol id="sm-fd">
         <name>_DSK6713_AIC23_openCodec</name>
         <value>0x4a40</value>
         <object_component_ref idref="oc-2c"/>
      </symbol>
      <symbol id="sm-10b">
         <name>_DSK6713_AIC23_config</name>
         <value>0x8000</value>
         <object_component_ref idref="oc-32"/>
      </symbol>
      <symbol id="sm-10c">
         <name>_DSK6713_AIC23_rget</name>
         <value>0x7fd8</value>
         <object_component_ref idref="oc-32"/>
      </symbol>
      <symbol id="sm-10d">
         <name>_DSK6713_AIC23_rset</name>
         <value>0x7f40</value>
         <object_component_ref idref="oc-32"/>
      </symbol>
      <symbol id="sm-11b">
         <name>_DSK6713_AIC23_setFreq</name>
         <value>0x9c60</value>
         <object_component_ref idref="oc-38"/>
      </symbol>
      <symbol id="sm-127">
         <name>_DSK6713_LED_init</name>
         <value>0x6be0</value>
         <object_component_ref idref="oc-3e"/>
      </symbol>
      <symbol id="sm-128">
         <name>_DSK6713_LED_on</name>
         <value>0x6c90</value>
         <object_component_ref idref="oc-3e"/>
      </symbol>
      <symbol id="sm-129">
         <name>_DSK6713_LED_toggle</name>
         <value>0x6d00</value>
         <object_component_ref idref="oc-3e"/>
      </symbol>
      <symbol id="sm-12a">
         <name>_DSK6713_LED_off</name>
         <value>0x6c20</value>
         <object_component_ref idref="oc-3e"/>
      </symbol>
      <symbol id="sm-134">
         <name>__addf</name>
         <value>0xa8c0</value>
         <object_component_ref idref="oc-ff"/>
      </symbol>
      <symbol id="sm-140">
         <name>_c_int00</name>
         <value>0xa440</value>
         <object_component_ref idref="oc-17"/>
      </symbol>
      <symbol id="sm-141">
         <name>__stack</name>
         <value>0x1dd20</value>
         <object_component_ref idref="oc-47"/>
      </symbol>
      <symbol id="sm-14b">
         <name>__cmpd</name>
         <value>0xa8e0</value>
         <object_component_ref idref="oc-103"/>
      </symbol>
      <symbol id="sm-155">
         <name>__cvtfd</name>
         <value>0xa900</value>
         <object_component_ref idref="oc-100"/>
      </symbol>
      <symbol id="sm-15f">
         <name>__divd</name>
         <value>0x780</value>
         <object_component_ref idref="oc-11a"/>
      </symbol>
      <symbol id="sm-16f">
         <name>C$$EXIT</name>
         <value>0xaa00</value>
         <object_component_ref idref="oc-114"/>
      </symbol>
      <symbol id="sm-170">
         <name>_exit</name>
         <value>0x96c0</value>
         <object_component_ref idref="oc-fd"/>
      </symbol>
      <symbol id="sm-171">
         <name>___TI_enable_exit_profile_output</name>
         <value>0x14c94</value>
         <object_component_ref idref="oc-55"/>
      </symbol>
      <symbol id="sm-172">
         <name>_abort</name>
         <value>0xaa00</value>
         <object_component_ref idref="oc-114"/>
      </symbol>
      <symbol id="sm-173">
         <name>__cleanup_ptr</name>
         <value>0x14c8c</value>
         <object_component_ref idref="oc-55"/>
      </symbol>
      <symbol id="sm-174">
         <name>__dtors_ptr</name>
         <value>0x14c90</value>
         <object_component_ref idref="oc-55"/>
      </symbol>
      <symbol id="sm-180">
         <name>__closefile</name>
         <value>0x7780</value>
         <object_component_ref idref="oc-12c"/>
      </symbol>
      <symbol id="sm-181">
         <name>_fclose</name>
         <value>0xa4c0</value>
         <object_component_ref idref="oc-118"/>
      </symbol>
      <symbol id="sm-18b">
         <name>__doflush</name>
         <value>0x9340</value>
         <object_component_ref idref="oc-139"/>
      </symbol>
      <symbol id="sm-195">
         <name>__fixdi</name>
         <value>0x9a20</value>
         <object_component_ref idref="oc-11b"/>
      </symbol>
      <symbol id="sm-19f">
         <name>__fltid</name>
         <value>0xa5c0</value>
         <object_component_ref idref="oc-119"/>
      </symbol>
      <symbol id="sm-1b3">
         <name>__cleanup</name>
         <value>0x9260</value>
         <object_component_ref idref="oc-131"/>
      </symbol>
      <symbol id="sm-1b4">
         <name>_fopen</name>
         <value>0x9f00</value>
         <object_component_ref idref="oc-116"/>
      </symbol>
      <symbol id="sm-1c2">
         <name>_fprintf</name>
         <value>0x8500</value>
         <object_component_ref idref="oc-117"/>
      </symbol>
      <symbol id="sm-1cc">
         <name>_putc</name>
         <value>0x52c0</value>
         <object_component_ref idref="oc-134"/>
      </symbol>
      <symbol id="sm-1cd">
         <name>_fputc</name>
         <value>0x52c0</value>
         <object_component_ref idref="oc-134"/>
      </symbol>
      <symbol id="sm-1d9">
         <name>_fputs</name>
         <value>0x2060</value>
         <object_component_ref idref="oc-133"/>
      </symbol>
      <symbol id="sm-1e3">
         <name>__frcmpyd_div</name>
         <value>0x7b80</value>
         <object_component_ref idref="oc-12e"/>
      </symbol>
      <symbol id="sm-1ef">
         <name>__llshl</name>
         <value>0xa3c0</value>
         <object_component_ref idref="oc-165"/>
      </symbol>
      <symbol id="sm-1f0">
         <name>__llshru</name>
         <value>0xa620</value>
         <object_component_ref idref="oc-12d"/>
      </symbol>
      <symbol id="sm-20c">
         <name>_unlink</name>
         <value>0xa180</value>
         <object_component_ref idref="oc-148"/>
      </symbol>
      <symbol id="sm-20d">
         <name>_open</name>
         <value>0x6580</value>
         <object_component_ref idref="oc-132"/>
      </symbol>
      <symbol id="sm-20e">
         <name>_lseek</name>
         <value>0x9060</value>
         <object_component_ref idref="oc-155"/>
      </symbol>
      <symbol id="sm-20f">
         <name>_close</name>
         <value>0x83e0</value>
         <object_component_ref idref="oc-13b"/>
      </symbol>
      <symbol id="sm-210">
         <name>_write</name>
         <value>0x9160</value>
         <object_component_ref idref="oc-141"/>
      </symbol>
      <symbol id="sm-21a">
         <name>_memcpy</name>
         <value>0x6120</value>
         <object_component_ref idref="oc-112"/>
      </symbol>
      <symbol id="sm-230">
         <name>__sys_memory</name>
         <value>0x1e120</value>
         <object_component_ref idref="oc-84"/>
      </symbol>
      <symbol id="sm-231">
         <name>_free</name>
         <value>0x3d00</value>
         <object_component_ref idref="oc-13a"/>
      </symbol>
      <symbol id="sm-232">
         <name>_malloc</name>
         <value>0x5ee0</value>
         <object_component_ref idref="oc-156"/>
      </symbol>
      <symbol id="sm-23c">
         <name>_memset</name>
         <value>0x8740</value>
         <object_component_ref idref="oc-130"/>
      </symbol>
      <symbol id="sm-246">
         <name>__mpyd</name>
         <value>0xa920</value>
         <object_component_ref idref="oc-102"/>
      </symbol>
      <symbol id="sm-250">
         <name>__mpyf</name>
         <value>0xa940</value>
         <object_component_ref idref="oc-fe"/>
      </symbol>
      <symbol id="sm-25a">
         <name>__mpyll</name>
         <value>0x9dc0</value>
         <object_component_ref idref="oc-13d"/>
      </symbol>
      <symbol id="sm-264">
         <name>_remove</name>
         <value>0xaa20</value>
         <object_component_ref idref="oc-13c"/>
      </symbol>
      <symbol id="sm-26e">
         <name>_sqrt</name>
         <value>0x7e00</value>
         <object_component_ref idref="oc-101"/>
      </symbol>
      <symbol id="sm-276">
         <name>__strasg</name>
         <value>0x95e0</value>
         <object_component_ref idref="oc-106"/>
      </symbol>
      <symbol id="sm-280">
         <name>__subf</name>
         <value>0xa9e0</value>
         <object_component_ref idref="oc-115"/>
      </symbol>
      <symbol id="sm-298">
         <name>_HOSTopen</name>
         <value>0x8080</value>
         <object_component_ref idref="oc-109"/>
      </symbol>
      <symbol id="sm-299">
         <name>_HOSTread</name>
         <value>0x7a40</value>
         <object_component_ref idref="oc-10b"/>
      </symbol>
      <symbol id="sm-29a">
         <name>_HOSTrename</name>
         <value>0x6360</value>
         <object_component_ref idref="oc-10f"/>
      </symbol>
      <symbol id="sm-29b">
         <name>_HOSTwrite</name>
         <value>0x81a0</value>
         <object_component_ref idref="oc-10c"/>
      </symbol>
      <symbol id="sm-29c">
         <name>_HOSTlseek</name>
         <value>0x7620</value>
         <object_component_ref idref="oc-10d"/>
      </symbol>
      <symbol id="sm-29d">
         <name>_HOSTunlink</name>
         <value>0x8960</value>
         <object_component_ref idref="oc-10e"/>
      </symbol>
      <symbol id="sm-29e">
         <name>_HOSTclose</name>
         <value>0x8860</value>
         <object_component_ref idref="oc-10a"/>
      </symbol>
      <symbol id="sm-2ac">
         <name>C$$IO$$</name>
         <value>0xa298</value>
         <object_component_ref idref="oc-125"/>
      </symbol>
      <symbol id="sm-2ad">
         <name>__CIOBUF_</name>
         <value>0x1e714</value>
         <object_component_ref idref="oc-a4"/>
      </symbol>
      <symbol id="sm-2ae">
         <name>_readmsg</name>
         <value>0x9fa0</value>
         <object_component_ref idref="oc-126"/>
      </symbol>
      <symbol id="sm-2af">
         <name>_writemsg</name>
         <value>0xa220</value>
         <object_component_ref idref="oc-125"/>
      </symbol>
      <symbol id="sm-2b9">
         <name>__wrt_ok</name>
         <value>0x82c0</value>
         <object_component_ref idref="oc-140"/>
      </symbol>
      <symbol id="sm-2c7">
         <name>__unlock</name>
         <value>0x14ca4</value>
         <object_component_ref idref="oc-ac"/>
      </symbol>
      <symbol id="sm-2c8">
         <name>__lock</name>
         <value>0x14ca0</value>
         <object_component_ref idref="oc-ac"/>
      </symbol>
      <symbol id="sm-2c9">
         <name>__nop</name>
         <value>0xa980</value>
         <object_component_ref idref="oc-110"/>
      </symbol>
      <symbol id="sm-2f9">
         <name>__printfi</name>
         <value>0x1b00</value>
         <object_component_ref idref="oc-12b"/>
      </symbol>
      <symbol id="sm-303">
         <name>__args_main</name>
         <value>0xa7a0</value>
         <object_component_ref idref="oc-fc"/>
      </symbol>
      <symbol id="sm-304">
         <name>__TI_args_main</name>
         <value>0x1</value>
      </symbol>
      <symbol id="sm-30e">
         <name>_atoi</name>
         <value>0x7cc0</value>
         <object_component_ref idref="oc-142"/>
      </symbol>
      <symbol id="sm-318">
         <name>__auto_init</name>
         <value>0x8c60</value>
         <object_component_ref idref="oc-fb"/>
      </symbol>
      <symbol id="sm-322">
         <name>___TI_cpp_init</name>
         <value>0xa2c0</value>
         <object_component_ref idref="oc-113"/>
      </symbol>
      <symbol id="sm-32c">
         <name>_copy_in</name>
         <value>0x9ae0</value>
         <object_component_ref idref="oc-111"/>
      </symbol>
      <symbol id="sm-334">
         <name>__ctypes_</name>
         <value>0x1e520</value>
         <object_component_ref idref="oc-14c"/>
      </symbol>
      <symbol id="sm-33e">
         <name>__tmpnams</name>
         <value>0x148b8</value>
         <object_component_ref idref="oc-c6"/>
      </symbol>
      <symbol id="sm-33f">
         <name>__ft_end</name>
         <value>0x149f8</value>
         <object_component_ref idref="oc-c6"/>
      </symbol>
      <symbol id="sm-340">
         <name>__ftable</name>
         <value>0x146d8</value>
         <object_component_ref idref="oc-c6"/>
      </symbol>
      <symbol id="sm-348">
         <name>__c6xabi_divu</name>
         <value>0x9960</value>
         <object_component_ref idref="oc-160"/>
      </symbol>
      <symbol id="sm-349">
         <name>__divu</name>
         <value>0x9960</value>
         <object_component_ref idref="oc-160"/>
      </symbol>
      <symbol id="sm-353">
         <name>_errno</name>
         <value>0x14cb8</value>
         <object_component_ref idref="oc-cd"/>
      </symbol>
      <symbol id="sm-35d">
         <name>__fixdli</name>
         <value>0x9d20</value>
         <object_component_ref idref="oc-15d"/>
      </symbol>
      <symbol id="sm-367">
         <name>__fltlid</name>
         <value>0xa340</value>
         <object_component_ref idref="oc-15f"/>
      </symbol>
      <symbol id="sm-371">
         <name>_fseek</name>
         <value>0x6f80</value>
         <object_component_ref idref="oc-14a"/>
      </symbol>
      <symbol id="sm-37f">
         <name>__divul</name>
         <value>0x5800</value>
         <object_component_ref idref="oc-161"/>
      </symbol>
      <symbol id="sm-380">
         <name>__remli</name>
         <value>0x9e60</value>
         <object_component_ref idref="oc-163"/>
      </symbol>
      <symbol id="sm-381">
         <name>__divli</name>
         <value>0x8e60</value>
         <object_component_ref idref="oc-164"/>
      </symbol>
      <symbol id="sm-38d">
         <name>__subcull</name>
         <value>0xa680</value>
         <object_component_ref idref="oc-166"/>
      </symbol>
      <symbol id="sm-38e">
         <name>__divull</name>
         <value>0x3980</value>
         <object_component_ref idref="oc-162"/>
      </symbol>
      <symbol id="sm-398">
         <name>___isinf</name>
         <value>0x67a0</value>
         <object_component_ref idref="oc-14e"/>
      </symbol>
      <symbol id="sm-3a2">
         <name>_ltoa</name>
         <value>0x8620</value>
         <object_component_ref idref="oc-15e"/>
      </symbol>
      <symbol id="sm-3ac">
         <name>_memccpy</name>
         <value>0xa540</value>
         <object_component_ref idref="oc-145"/>
      </symbol>
      <symbol id="sm-3b6">
         <name>__negll</name>
         <value>0xa960</value>
         <object_component_ref idref="oc-153"/>
      </symbol>
      <symbol id="sm-3c0">
         <name>_setvbuf</name>
         <value>0x5560</value>
         <object_component_ref idref="oc-14b"/>
      </symbol>
      <symbol id="sm-3e5">
         <name>_IRQ_setVecs</name>
         <value>0xa860</value>
         <object_component_ref idref="oc-11e"/>
      </symbol>
      <symbol id="sm-3e6">
         <name>__IRQ_eventTable</name>
         <value>0x14b40</value>
         <object_component_ref idref="oc-f2"/>
      </symbol>
      <symbol id="sm-3e7">
         <name>_IRQ_nmiEnable</name>
         <value>0xa840</value>
         <object_component_ref idref="oc-122"/>
      </symbol>
      <symbol id="sm-3e8">
         <name>_IRQ_reset</name>
         <value>0xa720</value>
         <object_component_ref idref="oc-120"/>
      </symbol>
      <symbol id="sm-3e9">
         <name>__IRQ_intTable</name>
         <value>0x14bc4</value>
         <object_component_ref idref="oc-f2"/>
      </symbol>
      <symbol id="sm-3ea">
         <name>_IRQ_globalEnable</name>
         <value>0xa820</value>
         <object_component_ref idref="oc-121"/>
      </symbol>
      <symbol id="sm-3eb">
         <name>_IRQ_globalDisable</name>
         <value>0xa800</value>
         <object_component_ref idref="oc-11c"/>
      </symbol>
      <symbol id="sm-3ec">
         <name>_IRQ_map</name>
         <value>0x6dc0</value>
         <object_component_ref idref="oc-11f"/>
      </symbol>
      <symbol id="sm-3ed">
         <name>_IRQ_enable</name>
         <value>0xa6e0</value>
         <object_component_ref idref="oc-123"/>
      </symbol>
      <symbol id="sm-3ee">
         <name>__IRQ_dispatchTable</name>
         <value>0x14c04</value>
         <object_component_ref idref="oc-f2"/>
      </symbol>
      <symbol id="sm-3ef">
         <name>__IRQ_hookFetchPacket</name>
         <value>0xaa40</value>
         <object_component_ref idref="oc-f0"/>
      </symbol>
      <symbol id="sm-405">
         <name>_MCBSP_reset</name>
         <value>0x7140</value>
         <object_component_ref idref="oc-124"/>
      </symbol>
      <symbol id="sm-406">
         <name>_MCBSP_getXmtEventId</name>
         <value>0xa880</value>
         <object_component_ref idref="oc-11d"/>
      </symbol>
      <symbol id="sm-407">
         <name>_MCBSP_open</name>
         <value>0x8a60</value>
         <object_component_ref idref="oc-107"/>
      </symbol>
      <symbol id="sm-408">
         <name>__MCBSP_hDev0</name>
         <value>0x14c3c</value>
         <object_component_ref idref="oc-f7"/>
      </symbol>
      <symbol id="sm-409">
         <name>__MCBSP_hDev1</name>
         <value>0x14c40</value>
         <object_component_ref idref="oc-f7"/>
      </symbol>
      <symbol id="sm-40a">
         <name>_MCBSP_start</name>
         <value>0x8b60</value>
         <object_component_ref idref="oc-108"/>
      </symbol>
      <symbol id="sm-40b">
         <name>_MCBSP_write</name>
         <value>0xa8a0</value>
         <object_component_ref idref="oc-105"/>
      </symbol>
   </symbol_table>
</link_info>
